Archive member included to satisfy reference by file (symbol)

C:/ST/STM32CubeIDE_1.16.0/STM32CubeIDE/plugins/com.st.stm32cube.ide.mcu.externaltools.gnu-tools-for-stm32.12.3.rel1.win32_1.0.200.202406191623/tools/bin/../lib/gcc/arm-none-eabi/12.3.1/../../../../arm-none-eabi/lib/thumb/v7e-m+fp/hard\libc_nano.a(libc_a-exit.o)
                              C:/ST/STM32CubeIDE_1.16.0/STM32CubeIDE/plugins/com.st.stm32cube.ide.mcu.externaltools.gnu-tools-for-stm32.12.3.rel1.win32_1.0.200.202406191623/tools/bin/../lib/gcc/arm-none-eabi/12.3.1/../../../../arm-none-eabi/lib/thumb/v7e-m+fp/hard/crt0.o (exit)
C:/ST/STM32CubeIDE_1.16.0/STM32CubeIDE/plugins/com.st.stm32cube.ide.mcu.externaltools.gnu-tools-for-stm32.12.3.rel1.win32_1.0.200.202406191623/tools/bin/../lib/gcc/arm-none-eabi/12.3.1/../../../../arm-none-eabi/lib/thumb/v7e-m+fp/hard\libc_nano.a(libc_a-findfp.o)
                              C:/ST/STM32CubeIDE_1.16.0/STM32CubeIDE/plugins/com.st.stm32cube.ide.mcu.externaltools.gnu-tools-for-stm32.12.3.rel1.win32_1.0.200.202406191623/tools/bin/../lib/gcc/arm-none-eabi/12.3.1/../../../../arm-none-eabi/lib/thumb/v7e-m+fp/hard\libc_nano.a(libc_a-exit.o) (__stdio_exit_handler)
C:/ST/STM32CubeIDE_1.16.0/STM32CubeIDE/plugins/com.st.stm32cube.ide.mcu.externaltools.gnu-tools-for-stm32.12.3.rel1.win32_1.0.200.202406191623/tools/bin/../lib/gcc/arm-none-eabi/12.3.1/../../../../arm-none-eabi/lib/thumb/v7e-m+fp/hard\libc_nano.a(libc_a-fwalk.o)
                              C:/ST/STM32CubeIDE_1.16.0/STM32CubeIDE/plugins/com.st.stm32cube.ide.mcu.externaltools.gnu-tools-for-stm32.12.3.rel1.win32_1.0.200.202406191623/tools/bin/../lib/gcc/arm-none-eabi/12.3.1/../../../../arm-none-eabi/lib/thumb/v7e-m+fp/hard\libc_nano.a(libc_a-findfp.o) (_fwalk_sglue)
C:/ST/STM32CubeIDE_1.16.0/STM32CubeIDE/plugins/com.st.stm32cube.ide.mcu.externaltools.gnu-tools-for-stm32.12.3.rel1.win32_1.0.200.202406191623/tools/bin/../lib/gcc/arm-none-eabi/12.3.1/../../../../arm-none-eabi/lib/thumb/v7e-m+fp/hard\libc_nano.a(libc_a-printf.o)
                              ./Core/Src/ApplicationCode.o (printf)
C:/ST/STM32CubeIDE_1.16.0/STM32CubeIDE/plugins/com.st.stm32cube.ide.mcu.externaltools.gnu-tools-for-stm32.12.3.rel1.win32_1.0.200.202406191623/tools/bin/../lib/gcc/arm-none-eabi/12.3.1/../../../../arm-none-eabi/lib/thumb/v7e-m+fp/hard\libc_nano.a(libc_a-puts.o)
                              ./Core/Src/ApplicationCode.o (puts)
C:/ST/STM32CubeIDE_1.16.0/STM32CubeIDE/plugins/com.st.stm32cube.ide.mcu.externaltools.gnu-tools-for-stm32.12.3.rel1.win32_1.0.200.202406191623/tools/bin/../lib/gcc/arm-none-eabi/12.3.1/../../../../arm-none-eabi/lib/thumb/v7e-m+fp/hard\libc_nano.a(libc_a-stdio.o)
                              C:/ST/STM32CubeIDE_1.16.0/STM32CubeIDE/plugins/com.st.stm32cube.ide.mcu.externaltools.gnu-tools-for-stm32.12.3.rel1.win32_1.0.200.202406191623/tools/bin/../lib/gcc/arm-none-eabi/12.3.1/../../../../arm-none-eabi/lib/thumb/v7e-m+fp/hard\libc_nano.a(libc_a-findfp.o) (__sread)
C:/ST/STM32CubeIDE_1.16.0/STM32CubeIDE/plugins/com.st.stm32cube.ide.mcu.externaltools.gnu-tools-for-stm32.12.3.rel1.win32_1.0.200.202406191623/tools/bin/../lib/gcc/arm-none-eabi/12.3.1/../../../../arm-none-eabi/lib/thumb/v7e-m+fp/hard\libc_nano.a(libc_a-wbuf.o)
                              C:/ST/STM32CubeIDE_1.16.0/STM32CubeIDE/plugins/com.st.stm32cube.ide.mcu.externaltools.gnu-tools-for-stm32.12.3.rel1.win32_1.0.200.202406191623/tools/bin/../lib/gcc/arm-none-eabi/12.3.1/../../../../arm-none-eabi/lib/thumb/v7e-m+fp/hard\libc_nano.a(libc_a-puts.o) (__swbuf_r)
C:/ST/STM32CubeIDE_1.16.0/STM32CubeIDE/plugins/com.st.stm32cube.ide.mcu.externaltools.gnu-tools-for-stm32.12.3.rel1.win32_1.0.200.202406191623/tools/bin/../lib/gcc/arm-none-eabi/12.3.1/../../../../arm-none-eabi/lib/thumb/v7e-m+fp/hard\libc_nano.a(libc_a-wsetup.o)
                              C:/ST/STM32CubeIDE_1.16.0/STM32CubeIDE/plugins/com.st.stm32cube.ide.mcu.externaltools.gnu-tools-for-stm32.12.3.rel1.win32_1.0.200.202406191623/tools/bin/../lib/gcc/arm-none-eabi/12.3.1/../../../../arm-none-eabi/lib/thumb/v7e-m+fp/hard\libc_nano.a(libc_a-puts.o) (__swsetup_r)
C:/ST/STM32CubeIDE_1.16.0/STM32CubeIDE/plugins/com.st.stm32cube.ide.mcu.externaltools.gnu-tools-for-stm32.12.3.rel1.win32_1.0.200.202406191623/tools/bin/../lib/gcc/arm-none-eabi/12.3.1/../../../../arm-none-eabi/lib/thumb/v7e-m+fp/hard\libc_nano.a(libc_a-memset.o)
                              C:/ST/STM32CubeIDE_1.16.0/STM32CubeIDE/plugins/com.st.stm32cube.ide.mcu.externaltools.gnu-tools-for-stm32.12.3.rel1.win32_1.0.200.202406191623/tools/bin/../lib/gcc/arm-none-eabi/12.3.1/../../../../arm-none-eabi/lib/thumb/v7e-m+fp/hard/crt0.o (memset)
C:/ST/STM32CubeIDE_1.16.0/STM32CubeIDE/plugins/com.st.stm32cube.ide.mcu.externaltools.gnu-tools-for-stm32.12.3.rel1.win32_1.0.200.202406191623/tools/bin/../lib/gcc/arm-none-eabi/12.3.1/../../../../arm-none-eabi/lib/thumb/v7e-m+fp/hard\libc_nano.a(libc_a-closer.o)
[...]
Memory Configuration

Name             Origin             Length             Attributes
CCMRAM           0x10000000         0x00010000         xrw
RAM              0x20000000         0x00030000         xrw
FLASH            0x08000000         0x00200000         xr
*default*        0x00000000         0xffffffff

Linker script and memory map

LOAD C:/ST/STM32CubeIDE_1.16.0/STM32CubeIDE/plugins/com.st.stm32cube.ide.mcu.externaltools.gnu-tools-for-stm32.12.3.rel1.win32_1.0.200.202406191623/tools/bin/../lib/gcc/arm-none-eabi/12.3.1/thumb/v7e-m+fp/hard/crti.o
LOAD C:/ST/STM32CubeIDE_1.16.0/STM32CubeIDE/plugins/com.st.stm32cube.ide.mcu.externaltools.gnu-tools-for-stm32.12.3.rel1.win32_1.0.200.202406191623/tools/bin/../lib/gcc/arm-none-eabi/12.3.1/thumb/v7e-m+fp/hard/crtbegin.o
LOAD C:/ST/STM32CubeIDE_1.16.0/STM32CubeIDE/plugins/com.st.stm32cube.ide.mcu.externaltools.gnu-tools-for-stm32.12.3.rel1.win32_1.0.200.202406191623/tools/bin/../lib/gcc/arm-none-eabi/12.3.1/../../../../arm-none-eabi/lib/thumb/v7e-m+fp/hard/crt0.o
LOAD ./Core/Src/ApplicationCode.o
LOAD ./Core/Src/GameLogistics.o
LOAD ./Core/Src/LCD_Driver.o
LOAD ./Core/Src/Scheduler.o
LOAD ./Core/Src/StartPlayAndTimeScreen.o
LOAD ./Core/Src/fonts.o
LOAD ./Core/Src/ili9341.o
LOAD ./Core/Src/main.o
LOAD ./Core/Src/stm32f4xx_hal_msp.o
LOAD ./Core/Src/stm32f4xx_it.o
LOAD ./Core/Src/stmpe811.o
LOAD ./Core/Src/syscalls.o
LOAD ./Core/Src/sysmem.o
LOAD ./Core/Src/system_stm32f4xx.o
LOAD ./Core/Startup/startup_stm32f429zitx.o
LOAD ./Drivers/STM32F4xx_HAL_Driver/Src/stm32f4xx_hal.o
LOAD ./Drivers/STM32F4xx_HAL_Driver/Src/stm32f4xx_hal_cortex.o
LOAD ./Drivers/STM32F4xx_HAL_Driver/Src/stm32f4xx_hal_dma.o
LOAD ./Drivers/STM32F4xx_HAL_Driver/Src/stm32f4xx_hal_dma_ex.o
LOAD ./Drivers/STM32F4xx_HAL_Driver/Src/stm32f4xx_hal_dsi.o
LOAD ./Drivers/STM32F4xx_HAL_Driver/Src/stm32f4xx_hal_exti.o
LOAD ./Drivers/STM32F4xx_HAL_Driver/Src/stm32f4xx_hal_flash.o
LOAD ./Drivers/STM32F4xx_HAL_Driver/Src/stm32f4xx_hal_flash_ex.o
LOAD ./Drivers/STM32F4xx_HAL_Driver/Src/stm32f4xx_hal_flash_ramfunc.o
LOAD ./Drivers/STM32F4xx_HAL_Driver/Src/stm32f4xx_hal_gpio.o
LOAD ./Drivers/STM32F4xx_HAL_Driver/Src/stm32f4xx_hal_i2c.o
LOAD ./Drivers/STM32F4xx_HAL_Driver/Src/stm32f4xx_hal_i2c_ex.o
LOAD ./Drivers/STM32F4xx_HAL_Driver/Src/stm32f4xx_hal_ltdc.o
LOAD ./Drivers/STM32F4xx_HAL_Driver/Src/stm32f4xx_hal_ltdc_ex.o
LOAD ./Drivers/STM32F4xx_HAL_Driver/Src/stm32f4xx_hal_pwr.o
LOAD ./Drivers/STM32F4xx_HAL_Driver/Src/stm32f4xx_hal_pwr_ex.o
LOAD ./Drivers/STM32F4xx_HAL_Driver/Src/stm32f4xx_hal_rcc.o
LOAD ./Drivers/STM32F4xx_HAL_Driver/Src/stm32f4xx_hal_rcc_ex.o
LOAD ./Drivers/STM32F4xx_HAL_Driver/Src/stm32f4xx_hal_rng.o
LOAD ./Drivers/STM32F4xx_HAL_Driver/Src/stm32f4xx_hal_spi.o
LOAD ./Drivers/STM32F4xx_HAL_Driver/Src/stm32f4xx_hal_tim.o
LOAD ./Drivers/STM32F4xx_HAL_Driver/Src/stm32f4xx_hal_tim_ex.o
START GROUP
LOAD C:/ST/STM32CubeIDE_1.16.0/STM32CubeIDE/plugins/com.st.stm32cube.ide.mcu.externaltools.gnu-tools-for-stm32.12.3.rel1.win32_1.0.200.202406191623/tools/bin/../lib/gcc/arm-none-eabi/12.3.1/../../../../arm-none-eabi/lib/thumb/v7e-m+fp/hard\libc_nano.a
LOAD C:/ST/STM32CubeIDE_1.16.0/STM32CubeIDE/plugins/com.st.stm32cube.ide.mcu.externaltools.gnu-tools-for-stm32.12.3.rel1.win32_1.0.200.202406191623/tools/bin/../lib/gcc/arm-none-eabi/12.3.1/../../../../arm-none-eabi/lib/thumb/v7e-m+fp/hard\libm.a
END GROUP
START GROUP
LOAD C:/ST/STM32CubeIDE_1.16.0/STM32CubeIDE/plugins/com.st.stm32cube.ide.mcu.externaltools.gnu-tools-for-stm32.12.3.rel1.win32_1.0.200.202406191623/tools/bin/../lib/gcc/arm-none-eabi/12.3.1/thumb/v7e-m+fp/hard\libgcc.a
LOAD C:/ST/STM32CubeIDE_1.16.0/STM32CubeIDE/plugins/com.st.stm32cube.ide.mcu.externaltools.gnu-tools-for-stm32.12.3.rel1.win32_1.0.200.202406191623/tools/bin/../lib/gcc/arm-none-eabi/12.3.1/../../../../arm-none-eabi/lib/thumb/v7e-m+fp/hard\libc_nano.a
END GROUP
START GROUP
LOAD C:/ST/STM32CubeIDE_1.16.0/STM32CubeIDE/plugins/com.st.stm32cube.ide.mcu.externaltools.gnu-tools-for-stm32.12.3.rel1.win32_1.0.200.202406191623/tools/bin/../lib/gcc/arm-none-eabi/12.3.1/thumb/v7e-m+fp/hard\libgcc.a
LOAD C:/ST/STM32CubeIDE_1.16.0/STM32CubeIDE/plugins/com.st.stm32cube.ide.mcu.externaltools.gnu-tools-for-stm32.12.3.rel1.win32_1.0.200.202406191623/tools/bin/../lib/gcc/arm-none-eabi/12.3.1/../../../../arm-none-eabi/lib/thumb/v7e-m+fp/hard\libc_nano.a
LOAD C:/ST/STM32CubeIDE_1.16.0/STM32CubeIDE/plugins/com.st.stm32cube.ide.mcu.externaltools.gnu-tools-for-stm32.12.3.rel1.win32_1.0.200.202406191623/tools/bin/../lib/gcc/arm-none-eabi/12.3.1/../../../../arm-none-eabi/lib/thumb/v7e-m+fp/hard\libnosys.a
END GROUP
START GROUP
LOAD C:/ST/STM32CubeIDE_1.16.0/STM32CubeIDE/plugins/com.st.stm32cube.ide.mcu.externaltools.gnu-tools-for-stm32.12.3.rel1.win32_1.0.200.202406191623/tools/bin/../lib/gcc/arm-none-eabi/12.3.1/thumb/v7e-m+fp/hard\libgcc.a
LOAD C:/ST/STM32CubeIDE_1.16.0/STM32CubeIDE/plugins/com.st.stm32cube.ide.mcu.externaltools.gnu-tools-for-stm32.12.3.rel1.win32_1.0.200.202406191623/tools/bin/../lib/gcc/arm-none-eabi/12.3.1/../../../../arm-none-eabi/lib/thumb/v7e-m+fp/hard\libc_nano.a
LOAD C:/ST/STM32CubeIDE_1.16.0/STM32CubeIDE/plugins/com.st.stm32cube.ide.mcu.externaltools.gnu-tools-for-stm32.12.3.rel1.win32_1.0.200.202406191623/tools/bin/../lib/gcc/arm-none-eabi/12.3.1/../../../../arm-none-eabi/lib/thumb/v7e-m+fp/hard\libnosys.a
END GROUP
LOAD C:/ST/STM32CubeIDE_1.16.0/STM32CubeIDE/plugins/com.st.stm32cube.ide.mcu.externaltools.gnu-tools-for-stm32.12.3.rel1.win32_1.0.200.202406191623/tools/bin/../lib/gcc/arm-none-eabi/12.3.1/thumb/v7e-m+fp/hard/crtend.o
LOAD C:/ST/STM32CubeIDE_1.16.0/STM32CubeIDE/plugins/com.st.stm32cube.ide.mcu.externaltools.gnu-tools-for-stm32.12.3.rel1.win32_1.0.200.202406191623/tools/bin/../lib/gcc/arm-none-eabi/12.3.1/thumb/v7e-m+fp/hard/crtn.o
                0x20030000                        _estack = (ORIGIN (RAM) + LENGTH (RAM))
                0x00000200                        _Min_Heap_Size = 0x200
                0x00000400                        _Min_Stack_Size = 0x400

.isr_vector     0x08000000      0x1ac
                0x08000000                        . = ALIGN (0x4)
 *(.isr_vector)
 .isr_vector    0x08000000      0x1ac ./Core/Startup/startup_stm32f429zitx.o
                0x08000000                g_pfnVectors
                0x080001ac                        . = ALIGN (0x4)

.text           0x080001b0     0x6354
                0x080001b0                        . = ALIGN (0x4)
 *(.text)
 .text          0x080001b0       0x40 C:/ST/STM32CubeIDE_1.16.0/STM32CubeIDE/plugins/com.st.stm32cube.ide.mcu.externaltools.gnu-tools-for-stm32.12.3.rel1.win32_1.0.200.202406191623/tools/bin/../lib/gcc/arm-none-eabi/12.3.1/thumb/v7e-m+fp/hard/crtbegin.o
 .text          0x080001f0       0xa0 C:/ST/STM32CubeIDE_1.16.0/STM32CubeIDE/plugins/com.st.stm32cube.ide.mcu.externaltools.gnu-tools-for-stm32.12.3.rel1.win32_1.0.200.202406191623/tools/bin/../lib/gcc/arm-none-eabi/12.3.1/../../../../arm-none-eabi/lib/thumb/v7e-m+fp/hard\libc_nano.a(libc_a-memchr.o)
                0x080001f0                memchr
 .text          0x08000290       0x30 C:/ST/STM32CubeIDE_1.16.0/STM32CubeIDE/plugins/com.st.stm32cube.ide.mcu.externaltools.gnu-tools-for-stm32.12.3.rel1.win32_1.0.200.202406191623/tools/bin/../lib/gcc/arm-none-eabi/12.3.1/thumb/v7e-m+fp/hard\libgcc.a(_aeabi_uldivmod.o)
                0x08000290                __aeabi_uldivmod
 .text          0x080002c0      0x2bc C:/ST/STM32CubeIDE_1.16.0/STM32CubeIDE/plugins/com.st.stm32cube.ide.mcu.externaltools.gnu-tools-for-stm32.12.3.rel1.win32_1.0.200.202406191623/tools/bin/../lib/gcc/arm-none-eabi/12.3.1/thumb/v7e-m+fp/hard\libgcc.a(_udivmoddi4.o)
                0x080002c0                __udivmoddi4
 .text          0x0800057c        0x4 C:/ST/STM32CubeIDE_1.16.0/STM32CubeIDE/plugins/com.st.stm32cube.ide.mcu.externaltools.gnu-tools-for-stm32.12.3.rel1.win32_1.0.200.202406191623/tools/bin/../lib/gcc/arm-none-eabi/12.3.1/thumb/v7e-m+fp/hard\libgcc.a(_dvmd_tls.o)
                0x0800057c                __aeabi_idiv0
                0x0800057c                __aeabi_ldiv0
 *(.text*)
 .text.ApplicationInit
                0x08000580       0x34 ./Core/Src/ApplicationCode.o
                0x08000580                ApplicationInit
 .text.LCD_Start_Screen
                0x080005b4        0xc ./Core/Src/ApplicationCode.o
                0x080005b4                LCD_Start_Screen
 .text.LCDTouchScreenInterruptGPIOInit
                0x080005c0       0x74 ./Core/Src/ApplicationCode.o
                0x080005c0                LCDTouchScreenInterruptGPIOInit
 .text.EXTI15_10_IRQHandler
                0x08000634      0x120 ./Core/Src/ApplicationCode.o
                0x08000634                EXTI15_10_IRQHandler
 .text.LCD_DrawSingleSquare
                0x08000754       0x42 ./Core/Src/GameLogistics.o
                0x08000754                LCD_DrawSingleSquare
 .text.LCD_DrawLShape
                0x08000796       0x6c ./Core/Src/GameLogistics.o
                0x08000796                LCD_DrawLShape
 .text.LCD_DrawIShape
                0x08000802       0x3e ./Core/Src/GameLogistics.o
                0x08000802                LCD_DrawIShape
 .text.LCD_DrawHatShape
                0x08000840       0x66 ./Core/Src/GameLogistics.o
                0x08000840                LCD_DrawHatShape
 .text.LCD_DrawZShape
                0x080008a6       0x7c ./Core/Src/GameLogistics.o
                0x080008a6                LCD_DrawZShape
 .text.LCD_DrawSShapeRotCWOnce
                0x08000922       0x7c ./Core/Src/GameLogistics.o
                0x08000922                LCD_DrawSShapeRotCWOnce
 *fill*         0x0800099e        0x2 
 .text.LCD_GPIO_Init
                0x080009a0      0x190 ./Core/Src/LCD_Driver.o
                0x080009a0                LCD_GPIO_Init
 .text.LTCD_Layer_Init
                0x08000b30       0x80 ./Core/Src/LCD_Driver.o
                0x08000b30                LTCD_Layer_Init
 .text.LTCD__Init
                0x08000bb0       0xbc ./Core/Src/LCD_Driver.o
                0x08000bb0                LTCD__Init
 .text.LCD_Draw_Pixel
                0x08000c6c       0x3c ./Core/Src/LCD_Driver.o
                0x08000c6c                LCD_Draw_Pixel
 .text.LCD_Draw_Vertical_Line
                0x08000ca8       0x4e ./Core/Src/LCD_Driver.o
                0x08000ca8                LCD_Draw_Vertical_Line
 *fill*         0x08000cf6        0x2 
 .text.LCD_Clear
                0x08000cf8       0x44 ./Core/Src/LCD_Driver.o
                0x08000cf8                LCD_Clear
 .text.LCD_SetTextColor
                0x08000d3c       0x20 ./Core/Src/LCD_Driver.o
                0x08000d3c                LCD_SetTextColor
 .text.LCD_SetFont
                0x08000d5c       0x20 ./Core/Src/LCD_Driver.o
                0x08000d5c                LCD_SetFont
 .text.LCD_Draw_Char
                0x08000d7c       0xdc ./Core/Src/LCD_Driver.o
                0x08000d7c                LCD_Draw_Char
 .text.LCD_DisplayChar
                0x08000e58       0x44 ./Core/Src/LCD_Driver.o
                0x08000e58                LCD_DisplayChar
 .text.visualDemo
                0x08000e9c        0xc ./Core/Src/LCD_Driver.o
                0x08000e9c                visualDemo
 .text.LCD_Error_Handler
                0x08000ea8        0xc ./Core/Src/LCD_Driver.o
                0x08000ea8                LCD_Error_Handler
 .text.InitializeLCDTouch
                0x08000eb4       0x16 ./Core/Src/LCD_Driver.o
                0x08000eb4                InitializeLCDTouch
 .text.DetermineTouchPosition
                0x08000eca       0x16 ./Core/Src/LCD_Driver.o
                0x08000eca                DetermineTouchPosition
 .text.ReadRegisterFromTouchModule
                0x08000ee0       0x1c ./Core/Src/LCD_Driver.o
                0x08000ee0                ReadRegisterFromTouchModule
 .text.WriteDataToTouchModule
                0x08000efc       0x24 ./Core/Src/LCD_Driver.o
                0x08000efc                WriteDataToTouchModule
 .text.StartScreen
                0x08000f20      0x164 ./Core/Src/StartPlayAndTimeScreen.o
                0x08000f20                StartScreen
 .text.ili9341_Init
                0x08001084      0x294 ./Core/Src/ili9341.o
                0x08001084                ili9341_Init
 .text.ili9341_Write_Reg
                0x08001318       0x1a ./Core/Src/ili9341.o
                0x08001318                ili9341_Write_Reg
 .text.ili9341_Send_Data
                0x08001332       0x1a ./Core/Src/ili9341.o
                0x08001332                ili9341_Send_Data
 .text.SPI_Init
                0x0800134c       0x74 ./Core/Src/ili9341.o
 .text.SPI_Write
                0x080013c0       0x3c ./Core/Src/ili9341.o
 .text.SPI_Error
                0x080013fc       0x18 ./Core/Src/ili9341.o
 .text.SPI_MspInit
                0x08001414       0x74 ./Core/Src/ili9341.o
 .text.LCD_IO_Init
                0x08001488       0xf0 ./Core/Src/ili9341.o
                0x08001488                LCD_IO_Init
 .text.LCD_IO_WriteData
                0x08001578       0x44 ./Core/Src/ili9341.o
                0x08001578                LCD_IO_WriteData
 .text.LCD_IO_WriteReg
                0x080015bc       0x44 ./Core/Src/ili9341.o
                0x080015bc                LCD_IO_WriteReg
 .text.LCD_Delay
                0x08001600       0x16 ./Core/Src/ili9341.o
                0x08001600                LCD_Delay
 .text.main     0x08001616       0x18 ./Core/Src/main.o
                0x08001616                main
 *fill*         0x0800162e        0x2 
 .text.SystemClockOverride
                0x08001630       0x80 ./Core/Src/main.o
                0x08001630                SystemClockOverride
 .text.Error_Handler
                0x080016b0        0xc ./Core/Src/main.o
                0x080016b0                Error_Handler
 .text.HAL_MspInit
                0x080016bc       0x50 ./Core/Src/stm32f4xx_hal_msp.o
                0x080016bc                HAL_MspInit
 .text.HAL_I2C_MspInit
                0x0800170c       0xd4 ./Core/Src/stm32f4xx_hal_msp.o
                0x0800170c                HAL_I2C_MspInit
 .text.HAL_LTDC_MspInit
                0x080017e0      0x250 ./Core/Src/stm32f4xx_hal_msp.o
                0x080017e0                HAL_LTDC_MspInit
 .text.HAL_SPI_MspInit
                0x08001a30       0x90 ./Core/Src/stm32f4xx_hal_msp.o
                0x08001a30                HAL_SPI_MspInit
 .text.HAL_SPI_MspDeInit
                0x08001ac0       0x3c ./Core/Src/stm32f4xx_hal_msp.o
                0x08001ac0                HAL_SPI_MspDeInit
 .text.NMI_Handler
                0x08001afc        0x8 ./Core/Src/stm32f4xx_it.o
                0x08001afc                NMI_Handler
 .text.HardFault_Handler
                0x08001b04        0x8 ./Core/Src/stm32f4xx_it.o
                0x08001b04                HardFault_Handler
 .text.MemManage_Handler
                0x08001b0c        0x8 ./Core/Src/stm32f4xx_it.o
                0x08001b0c                MemManage_Handler
 .text.BusFault_Handler
                0x08001b14        0x8 ./Core/Src/stm32f4xx_it.o
                0x08001b14                BusFault_Handler
 .text.UsageFault_Handler
                0x08001b1c        0x8 ./Core/Src/stm32f4xx_it.o
                0x08001b1c                UsageFault_Handler
 .text.SVC_Handler
                0x08001b24        0xe ./Core/Src/stm32f4xx_it.o
                0x08001b24                SVC_Handler
 .text.DebugMon_Handler
                0x08001b32        0xe ./Core/Src/stm32f4xx_it.o
                0x08001b32                DebugMon_Handler
 .text.PendSV_Handler
                0x08001b40        0xe ./Core/Src/stm32f4xx_it.o
                0x08001b40                PendSV_Handler
 .text.SysTick_Handler
                0x08001b4e        0xc ./Core/Src/stm32f4xx_it.o
                0x08001b4e                SysTick_Handler
 *fill*         0x08001b5a        0x2 
 .text.__NVIC_EnableIRQ
                0x08001b5c       0x3c ./Core/Src/stmpe811.o
 .text.STMPE811_Init
                0x08001b98      0x18e ./Core/Src/stmpe811.o
                0x08001b98                STMPE811_Init
 .text.STMPE811_Read
                0x08001d26       0x22 ./Core/Src/stmpe811.o
                0x08001d26                STMPE811_Read
 .text.STMPE811_Write
                0x08001d48       0x24 ./Core/Src/stmpe811.o
                0x08001d48                STMPE811_Write
 .text.STMPE811_DetermineTouchPosition
                0x08001d6c       0xee ./Core/Src/stmpe811.o
                0x08001d6c                STMPE811_DetermineTouchPosition
 *fill*         0x08001e5a        0x2 
 .text.enableInterruptSupportForTouch
                0x08001e5c       0x64 ./Core/Src/stmpe811.o
                0x08001e5c                enableInterruptSupportForTouch
 .text.verifyHAL_I2C_IS_OKAY
                0x08001ec0       0x20 ./Core/Src/stmpe811.o
                0x08001ec0                verifyHAL_I2C_IS_OKAY
 .text.I2C3_Init
                0x08001ee0       0x7c ./Core/Src/stmpe811.o
 .text.I2C3_MspInit
                0x08001f5c       0xa8 ./Core/Src/stmpe811.o
 .text.I2C3_Write
                0x08002004       0x54 ./Core/Src/stmpe811.o
                0x08002004                I2C3_Write
 .text.I2C3_Read
                0x08002058       0x4c ./Core/Src/stmpe811.o
                0x08002058                I2C3_Read
 .text.I2C3_MulitByteRead
                0x080020a4       0x44 ./Core/Src/stmpe811.o
                0x080020a4                I2C3_MulitByteRead
 .text.TM_STMPE811_ReadX
                0x080020e8       0xbc ./Core/Src/stmpe811.o
                0x080020e8                TM_STMPE811_ReadX
 .text.TM_STMPE811_ReadY
                0x080021a4       0xa4 ./Core/Src/stmpe811.o
                0x080021a4                TM_STMPE811_ReadY
 .text.initialise_monitor_handles
                0x08002248        0xe ./Core/Src/syscalls.o
                0x08002248                initialise_monitor_handles
 .text._read    0x08002256       0x3a ./Core/Src/syscalls.o
                0x08002256                _read
 .text._write   0x08002290       0x38 ./Core/Src/syscalls.o
                0x08002290                _write
 .text._close   0x080022c8       0x18 ./Core/Src/syscalls.o
                0x080022c8                _close
 .text._fstat   0x080022e0       0x20 ./Core/Src/syscalls.o
                0x080022e0                _fstat
 .text._isatty  0x08002300       0x16 ./Core/Src/syscalls.o
                0x08002300                _isatty
 .text._lseek   0x08002316       0x1a ./Core/Src/syscalls.o
                0x08002316                _lseek
 .text._sbrk    0x08002330       0x6c ./Core/Src/sysmem.o
                0x08002330                _sbrk
 .text.SystemInit
                0x0800239c       0x24 ./Core/Src/system_stm32f4xx.o
                0x0800239c                SystemInit
 .text.Reset_Handler
                0x080023c0       0x50 ./Core/Startup/startup_stm32f429zitx.o
                0x080023c0                Reset_Handler
 .text.Default_Handler
                0x08002410        0x2 ./Core/Startup/startup_stm32f429zitx.o
                0x08002410                RTC_Alarm_IRQHandler
                0x08002410                HASH_RNG_IRQHandler
                0x08002410                EXTI2_IRQHandler
                0x08002410                TIM8_CC_IRQHandler
                0x08002410                UART8_IRQHandler
                0x08002410                SPI4_IRQHandler
                0x08002410                TIM1_CC_IRQHandler
                0x08002410                DMA2_Stream5_IRQHandler
                0x08002410                DMA1_Stream5_IRQHandler
                0x08002410                PVD_IRQHandler
                0x08002410                SDIO_IRQHandler
                0x08002410                TAMP_STAMP_IRQHandler
                0x08002410                CAN2_RX1_IRQHandler
                0x08002410                EXTI3_IRQHandler
                0x08002410                TIM8_TRG_COM_TIM14_IRQHandler
                0x08002410                TIM1_UP_TIM10_IRQHandler
                0x08002410                TIM8_UP_TIM13_IRQHandler
                0x08002410                I2C3_ER_IRQHandler
                0x08002410                EXTI0_IRQHandler
                0x08002410                I2C2_EV_IRQHandler
                0x08002410                DMA1_Stream2_IRQHandler
                0x08002410                CAN1_RX0_IRQHandler
                0x08002410                FPU_IRQHandler
                0x08002410                OTG_HS_WKUP_IRQHandler
                0x08002410                LTDC_ER_IRQHandler
                0x08002410                CAN2_SCE_IRQHandler
                0x08002410                DMA2_Stream2_IRQHandler
                0x08002410                SPI1_IRQHandler
                0x08002410                TIM6_DAC_IRQHandler
                0x08002410                TIM1_BRK_TIM9_IRQHandler
                0x08002410                DCMI_IRQHandler
                0x08002410                CAN2_RX0_IRQHandler
                0x08002410                DMA2_Stream3_IRQHandler
                0x08002410                USART6_IRQHandler
                0x08002410                USART3_IRQHandler
                0x08002410                CAN1_RX1_IRQHandler
                0x08002410                UART5_IRQHandler
                0x08002410                DMA2_Stream0_IRQHandler
                0x08002410                TIM4_IRQHandler
                0x08002410                I2C1_EV_IRQHandler
                0x08002410                DMA1_Stream6_IRQHandler
                0x08002410                DMA1_Stream1_IRQHandler
                0x08002410                UART4_IRQHandler
                0x08002410                TIM3_IRQHandler
                0x08002410                RCC_IRQHandler
                0x08002410                TIM8_BRK_TIM12_IRQHandler
                0x08002410                Default_Handler
                0x08002410                ADC_IRQHandler
                0x08002410                DMA1_Stream7_IRQHandler
                0x08002410                SPI5_IRQHandler
                0x08002410                TIM7_IRQHandler
                0x08002410                CAN2_TX_IRQHandler
                0x08002410                TIM5_IRQHandler
                0x08002410                DMA2_Stream7_IRQHandler
                0x08002410                I2C3_EV_IRQHandler
                0x08002410                EXTI9_5_IRQHandler
                0x08002410                RTC_WKUP_IRQHandler
                0x08002410                LTDC_IRQHandler
                0x08002410                ETH_WKUP_IRQHandler
                0x08002410                SPI2_IRQHandler
                0x08002410                OTG_HS_EP1_IN_IRQHandler
                0x08002410                DMA1_Stream0_IRQHandler
                0x08002410                CAN1_TX_IRQHandler
                0x08002410                EXTI4_IRQHandler
                0x08002410                ETH_IRQHandler
                0x08002410                OTG_HS_EP1_OUT_IRQHandler
                0x08002410                WWDG_IRQHandler
                0x08002410                SPI6_IRQHandler
                0x08002410                TIM2_IRQHandler
                0x08002410                OTG_FS_WKUP_IRQHandler
                0x08002410                TIM1_TRG_COM_TIM11_IRQHandler
                0x08002410                OTG_HS_IRQHandler
                0x08002410                DMA2D_IRQHandler
                0x08002410                EXTI1_IRQHandler
                0x08002410                UART7_IRQHandler
                0x08002410                USART2_IRQHandler
                0x08002410                I2C2_ER_IRQHandler
                0x08002410                DMA2_Stream1_IRQHandler
                0x08002410                CAN1_SCE_IRQHandler
                0x08002410                FLASH_IRQHandler
                0x08002410                DMA2_Stream4_IRQHandler
                0x08002410                USART1_IRQHandler
                0x08002410                OTG_FS_IRQHandler
                0x08002410                SPI3_IRQHandler
                0x08002410                DMA1_Stream4_IRQHandler
                0x08002410                I2C1_ER_IRQHandler
                0x08002410                FMC_IRQHandler
                0x08002410                DMA2_Stream6_IRQHandler
                0x08002410                SAI1_IRQHandler
                0x08002410                DMA1_Stream3_IRQHandler
 *fill*         0x08002412        0x2 
 .text.HAL_Init
                0x08002414       0x44 ./Drivers/STM32F4xx_HAL_Driver/Src/stm32f4xx_hal.o
                0x08002414                HAL_Init
 .text.HAL_InitTick
                0x08002458       0x60 ./Drivers/STM32F4xx_HAL_Driver/Src/stm32f4xx_hal.o
                0x08002458                HAL_InitTick
 .text.HAL_IncTick
                0x080024b8       0x28 ./Drivers/STM32F4xx_HAL_Driver/Src/stm32f4xx_hal.o
                0x080024b8                HAL_IncTick
 .text.HAL_GetTick
                0x080024e0       0x18 ./Drivers/STM32F4xx_HAL_Driver/Src/stm32f4xx_hal.o
                0x080024e0                HAL_GetTick
 .text.HAL_Delay
                0x080024f8       0x48 ./Drivers/STM32F4xx_HAL_Driver/Src/stm32f4xx_hal.o
                0x080024f8                HAL_Delay
 .text.__NVIC_SetPriorityGrouping
                0x08002540       0x48 ./Drivers/STM32F4xx_HAL_Driver/Src/stm32f4xx_hal_cortex.o
 .text.__NVIC_GetPriorityGrouping
                0x08002588       0x1c ./Drivers/STM32F4xx_HAL_Driver/Src/stm32f4xx_hal_cortex.o
 .text.__NVIC_EnableIRQ
                0x080025a4       0x3c ./Drivers/STM32F4xx_HAL_Driver/Src/stm32f4xx_hal_cortex.o
 .text.__NVIC_DisableIRQ
                0x080025e0       0x48 ./Drivers/STM32F4xx_HAL_Driver/Src/stm32f4xx_hal_cortex.o
 .text.__NVIC_ClearPendingIRQ
                0x08002628       0x3c ./Drivers/STM32F4xx_HAL_Driver/Src/stm32f4xx_hal_cortex.o
 .text.__NVIC_SetPriority
                0x08002664       0x54 ./Drivers/STM32F4xx_HAL_Driver/Src/stm32f4xx_hal_cortex.o
 .text.NVIC_EncodePriority
                0x080026b8       0x66 ./Drivers/STM32F4xx_HAL_Driver/Src/stm32f4xx_hal_cortex.o
 *fill*         0x0800271e        0x2 
 .text.SysTick_Config
                0x08002720       0x44 ./Drivers/STM32F4xx_HAL_Driver/Src/stm32f4xx_hal_cortex.o
 .text.HAL_NVIC_SetPriorityGrouping
                0x08002764       0x16 ./Drivers/STM32F4xx_HAL_Driver/Src/stm32f4xx_hal_cortex.o
                0x08002764                HAL_NVIC_SetPriorityGrouping
 .text.HAL_NVIC_SetPriority
                0x0800277a       0x38 ./Drivers/STM32F4xx_HAL_Driver/Src/stm32f4xx_hal_cortex.o
                0x0800277a                HAL_NVIC_SetPriority
 .text.HAL_NVIC_EnableIRQ
                0x080027b2       0x1c ./Drivers/STM32F4xx_HAL_Driver/Src/stm32f4xx_hal_cortex.o
                0x080027b2                HAL_NVIC_EnableIRQ
 .text.HAL_NVIC_DisableIRQ
                0x080027ce       0x1c ./Drivers/STM32F4xx_HAL_Driver/Src/stm32f4xx_hal_cortex.o
                0x080027ce                HAL_NVIC_DisableIRQ
 .text.HAL_SYSTICK_Config
                0x080027ea       0x18 ./Drivers/STM32F4xx_HAL_Driver/Src/stm32f4xx_hal_cortex.o
                0x080027ea                HAL_SYSTICK_Config
 .text.HAL_NVIC_ClearPendingIRQ
                0x08002802       0x1c ./Drivers/STM32F4xx_HAL_Driver/Src/stm32f4xx_hal_cortex.o
                0x08002802                HAL_NVIC_ClearPendingIRQ
 *fill*         0x0800281e        0x2 
 .text.HAL_EXTI_ClearPending
                0x08002820       0x30 ./Drivers/STM32F4xx_HAL_Driver/Src/stm32f4xx_hal_exti.o
                0x08002820                HAL_EXTI_ClearPending
 .text.HAL_GPIO_Init
                0x08002850      0x358 ./Drivers/STM32F4xx_HAL_Driver/Src/stm32f4xx_hal_gpio.o
                0x08002850                HAL_GPIO_Init
 .text.HAL_GPIO_DeInit
                0x08002ba8      0x218 ./Drivers/STM32F4xx_HAL_Driver/Src/stm32f4xx_hal_gpio.o
                0x08002ba8                HAL_GPIO_DeInit
 .text.HAL_GPIO_WritePin
                0x08002dc0       0x32 ./Drivers/STM32F4xx_HAL_Driver/Src/stm32f4xx_hal_gpio.o
                0x08002dc0                HAL_GPIO_WritePin
 *fill*         0x08002df2        0x2 
 .text.HAL_I2C_Init
                0x08002df4      0x288 ./Drivers/STM32F4xx_HAL_Driver/Src/stm32f4xx_hal_i2c.o
                0x08002df4                HAL_I2C_Init
 .text.HAL_I2C_Mem_Write
                0x0800307c      0x1f4 ./Drivers/STM32F4xx_HAL_Driver/Src/stm32f4xx_hal_i2c.o
                0x0800307c                HAL_I2C_Mem_Write
 .text.HAL_I2C_Mem_Read
                0x08003270      0x464 ./Drivers/STM32F4xx_HAL_Driver/Src/stm32f4xx_hal_i2c.o
                0x08003270                HAL_I2C_Mem_Read
 .text.I2C_RequestMemoryWrite
                0x080036d4      0x12c ./Drivers/STM32F4xx_HAL_Driver/Src/stm32f4xx_hal_i2c.o
 .text.I2C_RequestMemoryRead
                0x08003800      0x1d0 ./Drivers/STM32F4xx_HAL_Driver/Src/stm32f4xx_hal_i2c.o
 .text.I2C_WaitOnFlagUntilTimeout
                0x080039d0       0xf4 ./Drivers/STM32F4xx_HAL_Driver/Src/stm32f4xx_hal_i2c.o
 .text.I2C_WaitOnMasterAddressFlagUntilTimeout
                0x08003ac4      0x140 ./Drivers/STM32F4xx_HAL_Driver/Src/stm32f4xx_hal_i2c.o
 .text.I2C_WaitOnTXEFlagUntilTimeout
                0x08003c04       0x90 ./Drivers/STM32F4xx_HAL_Driver/Src/stm32f4xx_hal_i2c.o
 .text.I2C_WaitOnBTFFlagUntilTimeout
                0x08003c94       0x90 ./Drivers/STM32F4xx_HAL_Driver/Src/stm32f4xx_hal_i2c.o
 .text.I2C_WaitOnRXNEFlagUntilTimeout
                0x08003d24       0xba ./Drivers/STM32F4xx_HAL_Driver/Src/stm32f4xx_hal_i2c.o
 .text.I2C_IsAcknowledgeFailed
                0x08003dde       0x5e ./Drivers/STM32F4xx_HAL_Driver/Src/stm32f4xx_hal_i2c.o
 .text.HAL_LTDC_Init
                0x08003e3c      0x1a0 ./Drivers/STM32F4xx_HAL_Driver/Src/stm32f4xx_hal_ltdc.o
                0x08003e3c                HAL_LTDC_Init
 .text.HAL_LTDC_ConfigLayer
                0x08003fdc       0x7c ./Drivers/STM32F4xx_HAL_Driver/Src/stm32f4xx_hal_ltdc.o
                0x08003fdc                HAL_LTDC_ConfigLayer
 .text.LTDC_SetConfig
                0x08004058      0x32e ./Drivers/STM32F4xx_HAL_Driver/Src/stm32f4xx_hal_ltdc.o
 *fill*         0x08004386        0x2 
 .text.HAL_RCC_OscConfig
                0x08004388      0x4f0 ./Drivers/STM32F4xx_HAL_Driver/Src/stm32f4xx_hal_rcc.o
                0x08004388                HAL_RCC_OscConfig
 .text.HAL_RCC_ClockConfig
                0x08004878      0x1cc ./Drivers/STM32F4xx_HAL_Driver/Src/stm32f4xx_hal_rcc.o
                0x08004878                HAL_RCC_ClockConfig
 .text.HAL_RCC_GetSysClockFreq
                0x08004a44      0x20c ./Drivers/STM32F4xx_HAL_Driver/Src/stm32f4xx_hal_rcc.o
                0x08004a44                HAL_RCC_GetSysClockFreq
 .text.HAL_RCC_GetHCLKFreq
                0x08004c50       0x18 ./Drivers/STM32F4xx_HAL_Driver/Src/stm32f4xx_hal_rcc.o
                0x08004c50                HAL_RCC_GetHCLKFreq
 .text.HAL_RCC_GetPCLK1Freq
                0x08004c68       0x28 ./Drivers/STM32F4xx_HAL_Driver/Src/stm32f4xx_hal_rcc.o
                0x08004c68                HAL_RCC_GetPCLK1Freq
 .text.HAL_RCCEx_PeriphCLKConfig
                0x08004c90      0x380 ./Drivers/STM32F4xx_HAL_Driver/Src/stm32f4xx_hal_rcc_ex.o
                0x08004c90                HAL_RCCEx_PeriphCLKConfig
 .text.HAL_SPI_Init
                0x08005010      0x112 ./Drivers/STM32F4xx_HAL_Driver/Src/stm32f4xx_hal_spi.o
                0x08005010                HAL_SPI_Init
 .text.HAL_SPI_DeInit
                0x08005122       0x50 ./Drivers/STM32F4xx_HAL_Driver/Src/stm32f4xx_hal_spi.o
                0x08005122                HAL_SPI_DeInit
 .text.HAL_SPI_Transmit
                0x08005172      0x288 ./Drivers/STM32F4xx_HAL_Driver/Src/stm32f4xx_hal_spi.o
                0x08005172                HAL_SPI_Transmit
 .text.HAL_SPI_GetState
                0x080053fa       0x1c ./Drivers/STM32F4xx_HAL_Driver/Src/stm32f4xx_hal_spi.o
                0x080053fa                HAL_SPI_GetState
 *fill*         0x08005416        0x2 
 .text.SPI_WaitFlagStateUntilTimeout
                0x08005418      0x110 ./Drivers/STM32F4xx_HAL_Driver/Src/stm32f4xx_hal_spi.o
 .text.SPI_EndRxTxTransaction
                0x08005528       0xa8 ./Drivers/STM32F4xx_HAL_Driver/Src/stm32f4xx_hal_spi.o
 .text.std      0x080055d0       0x6c C:/ST/STM32CubeIDE_1.16.0/STM32CubeIDE/plugins/com.st.stm32cube.ide.mcu.externaltools.gnu-tools-for-stm32.12.3.rel1.win32_1.0.200.202406191623/tools/bin/../lib/gcc/arm-none-eabi/12.3.1/../../../../arm-none-eabi/lib/thumb/v7e-m+fp/hard\libc_nano.a(libc_a-findfp.o)
 .text.stdio_exit_handler
                0x0800563c       0x18 C:/ST/STM32CubeIDE_1.16.0/STM32CubeIDE/plugins/com.st.stm32cube.ide.mcu.externaltools.gnu-tools-for-stm32.12.3.rel1.win32_1.0.200.202406191623/tools/bin/../lib/gcc/arm-none-eabi/12.3.1/../../../../arm-none-eabi/lib/thumb/v7e-m+fp/hard\libc_nano.a(libc_a-findfp.o)
 .text.cleanup_stdio
                0x08005654       0x40 C:/ST/STM32CubeIDE_1.16.0/STM32CubeIDE/plugins/com.st.stm32cube.ide.mcu.externaltools.gnu-tools-for-stm32.12.3.rel1.win32_1.0.200.202406191623/tools/bin/../lib/gcc/arm-none-eabi/12.3.1/../../../../arm-none-eabi/lib/thumb/v7e-m+fp/hard\libc_nano.a(libc_a-findfp.o)
 .text.global_stdio_init.part.0
                0x08005694       0x3c C:/ST/STM32CubeIDE_1.16.0/STM32CubeIDE/plugins/com.st.stm32cube.ide.mcu.externaltools.gnu-tools-for-stm32.12.3.rel1.win32_1.0.200.202406191623/tools/bin/../lib/gcc/arm-none-eabi/12.3.1/../../../../arm-none-eabi/lib/thumb/v7e-m+fp/hard\libc_nano.a(libc_a-findfp.o)
 .text.__sfp_lock_acquire
                0x080056d0        0xc C:/ST/STM32CubeIDE_1.16.0/STM32CubeIDE/plugins/com.st.stm32cube.ide.mcu.externaltools.gnu-tools-for-stm32.12.3.rel1.win32_1.0.200.202406191623/tools/bin/../lib/gcc/arm-none-eabi/12.3.1/../../../../arm-none-eabi/lib/thumb/v7e-m+fp/hard\libc_nano.a(libc_a-findfp.o)
                0x080056d0                __sfp_lock_acquire
 .text.__sfp_lock_release
                0x080056dc        0xc C:/ST/STM32CubeIDE_1.16.0/STM32CubeIDE/plugins/com.st.stm32cube.ide.mcu.externaltools.gnu-tools-for-stm32.12.3.rel1.win32_1.0.200.202406191623/tools/bin/../lib/gcc/arm-none-eabi/12.3.1/../../../../arm-none-eabi/lib/thumb/v7e-m+fp/hard\libc_nano.a(libc_a-findfp.o)
                0x080056dc                __sfp_lock_release
 .text.__sinit  0x080056e8       0x30 C:/ST/STM32CubeIDE_1.16.0/STM32CubeIDE/plugins/com.st.stm32cube.ide.mcu.externaltools.gnu-tools-for-stm32.12.3.rel1.win32_1.0.200.202406191623/tools/bin/../lib/gcc/arm-none-eabi/12.3.1/../../../../arm-none-eabi/lib/thumb/v7e-m+fp/hard\libc_nano.a(libc_a-findfp.o)
                0x080056e8                __sinit
 .text._fwalk_sglue
                0x08005718       0x3c C:/ST/STM32CubeIDE_1.16.0/STM32CubeIDE/plugins/com.st.stm32cube.ide.mcu.externaltools.gnu-tools-for-stm32.12.3.rel1.win32_1.0.200.202406191623/tools/bin/../lib/gcc/arm-none-eabi/12.3.1/../../../../arm-none-eabi/lib/thumb/v7e-m+fp/hard\libc_nano.a(libc_a-fwalk.o)
                0x08005718                _fwalk_sglue
 .text.printf   0x08005754       0x24 C:/ST/STM32CubeIDE_1.16.0/STM32CubeIDE/plugins/com.st.stm32cube.ide.mcu.externaltools.gnu-tools-for-stm32.12.3.rel1.win32_1.0.200.202406191623/tools/bin/../lib/gcc/arm-none-eabi/12.3.1/../../../../arm-none-eabi/lib/thumb/v7e-m+fp/hard\libc_nano.a(libc_a-printf.o)
                0x08005754                iprintf
                0x08005754                printf
 .text._puts_r  0x08005778       0xaa C:/ST/STM32CubeIDE_1.16.0/STM32CubeIDE/plugins/com.st.stm32cube.ide.mcu.externaltools.gnu-tools-for-stm32.12.3.rel1.win32_1.0.200.202406191623/tools/bin/../lib/gcc/arm-none-eabi/12.3.1/../../../../arm-none-eabi/lib/thumb/v7e-m+fp/hard\libc_nano.a(libc_a-puts.o)
                0x08005778                _puts_r
 *fill*         0x08005822        0x2 
 .text.puts     0x08005824       0x10 C:/ST/STM32CubeIDE_1.16.0/STM32CubeIDE/plugins/com.st.stm32cube.ide.mcu.externaltools.gnu-tools-for-stm32.12.3.rel1.win32_1.0.200.202406191623/tools/bin/../lib/gcc/arm-none-eabi/12.3.1/../../../../arm-none-eabi/lib/thumb/v7e-m+fp/hard\libc_nano.a(libc_a-puts.o)
                0x08005824                puts
 .text.__sread  0x08005834       0x22 C:/ST/STM32CubeIDE_1.16.0/STM32CubeIDE/plugins/com.st.stm32cube.ide.mcu.externaltools.gnu-tools-for-stm32.12.3.rel1.win32_1.0.200.202406191623/tools/bin/../lib/gcc/arm-none-eabi/12.3.1/../../../../arm-none-eabi/lib/thumb/v7e-m+fp/hard\libc_nano.a(libc_a-stdio.o)
                0x08005834                __sread
 .text.__swrite
                0x08005856       0x38 C:/ST/STM32CubeIDE_1.16.0/STM32CubeIDE/plugins/com.st.stm32cube.ide.mcu.externaltools.gnu-tools-for-stm32.12.3.rel1.win32_1.0.200.202406191623/tools/bin/../lib/gcc/arm-none-eabi/12.3.1/../../../../arm-none-eabi/lib/thumb/v7e-m+fp/hard\libc_nano.a(libc_a-stdio.o)
                0x08005856                __swrite
 .text.__sseek  0x0800588e       0x24 C:/ST/STM32CubeIDE_1.16.0/STM32CubeIDE/plugins/com.st.stm32cube.ide.mcu.externaltools.gnu-tools-for-stm32.12.3.rel1.win32_1.0.200.202406191623/tools/bin/../lib/gcc/arm-none-eabi/12.3.1/../../../../arm-none-eabi/lib/thumb/v7e-m+fp/hard\libc_nano.a(libc_a-stdio.o)
                0x0800588e                __sseek
 .text.__sclose
                0x080058b2        0x8 C:/ST/STM32CubeIDE_1.16.0/STM32CubeIDE/plugins/com.st.stm32cube.ide.mcu.externaltools.gnu-tools-for-stm32.12.3.rel1.win32_1.0.200.202406191623/tools/bin/../lib/gcc/arm-none-eabi/12.3.1/../../../../arm-none-eabi/lib/thumb/v7e-m+fp/hard\libc_nano.a(libc_a-stdio.o)
                0x080058b2                __sclose
 .text.__swbuf_r
                0x080058ba       0x7c C:/ST/STM32CubeIDE_1.16.0/STM32CubeIDE/plugins/com.st.stm32cube.ide.mcu.externaltools.gnu-tools-for-stm32.12.3.rel1.win32_1.0.200.202406191623/tools/bin/../lib/gcc/arm-none-eabi/12.3.1/../../../../arm-none-eabi/lib/thumb/v7e-m+fp/hard\libc_nano.a(libc_a-wbuf.o)
                0x080058ba                __swbuf_r
 *fill*         0x08005936        0x2 
 .text.__swsetup_r
                0x08005938       0xac C:/ST/STM32CubeIDE_1.16.0/STM32CubeIDE/plugins/com.st.stm32cube.ide.mcu.externaltools.gnu-tools-for-stm32.12.3.rel1.win32_1.0.200.202406191623/tools/bin/../lib/gcc/arm-none-eabi/12.3.1/../../../../arm-none-eabi/lib/thumb/v7e-m+fp/hard\libc_nano.a(libc_a-wsetup.o)
                0x08005938                __swsetup_r
 .text.memset   0x080059e4       0x10 C:/ST/STM32CubeIDE_1.16.0/STM32CubeIDE/plugins/com.st.stm32cube.ide.mcu.externaltools.gnu-tools-for-stm32.12.3.rel1.win32_1.0.200.202406191623/tools/bin/../lib/gcc/arm-none-eabi/12.3.1/../../../../arm-none-eabi/lib/thumb/v7e-m+fp/hard\libc_nano.a(libc_a-memset.o)
                0x080059e4                memset
 .text._close_r
                0x080059f4       0x20 C:/ST/STM32CubeIDE_1.16.0/STM32CubeIDE/plugins/com.st.stm32cube.ide.mcu.externaltools.gnu-tools-for-stm32.12.3.rel1.win32_1.0.200.202406191623/tools/bin/../lib/gcc/arm-none-eabi/12.3.1/../../../../arm-none-eabi/lib/thumb/v7e-m+fp/hard\libc_nano.a(libc_a-closer.o)
                0x080059f4                _close_r
 .text._lseek_r
                0x08005a14       0x24 C:/ST/STM32CubeIDE_1.16.0/STM32CubeIDE/plugins/com.st.stm32cube.ide.mcu.externaltools.gnu-tools-for-stm32.12.3.rel1.win32_1.0.200.202406191623/tools/bin/../lib/gcc/arm-none-eabi/12.3.1/../../../../arm-none-eabi/lib/thumb/v7e-m+fp/hard\libc_nano.a(libc_a-lseekr.o)
                0x08005a14                _lseek_r
 .text._read_r  0x08005a38       0x24 C:/ST/STM32CubeIDE_1.16.0/STM32CubeIDE/plugins/com.st.stm32cube.ide.mcu.externaltools.gnu-tools-for-stm32.12.3.rel1.win32_1.0.200.202406191623/tools/bin/../lib/gcc/arm-none-eabi/12.3.1/../../../../arm-none-eabi/lib/thumb/v7e-m+fp/hard\libc_nano.a(libc_a-readr.o)
                0x08005a38                _read_r
 .text._write_r
                0x08005a5c       0x24 C:/ST/STM32CubeIDE_1.16.0/STM32CubeIDE/plugins/com.st.stm32cube.ide.mcu.externaltools.gnu-tools-for-stm32.12.3.rel1.win32_1.0.200.202406191623/tools/bin/../lib/gcc/arm-none-eabi/12.3.1/../../../../arm-none-eabi/lib/thumb/v7e-m+fp/hard\libc_nano.a(libc_a-writer.o)
                0x08005a5c                _write_r
 .text.__errno  0x08005a80        0xc C:/ST/STM32CubeIDE_1.16.0/STM32CubeIDE/plugins/com.st.stm32cube.ide.mcu.externaltools.gnu-tools-for-stm32.12.3.rel1.win32_1.0.200.202406191623/tools/bin/../lib/gcc/arm-none-eabi/12.3.1/../../../../arm-none-eabi/lib/thumb/v7e-m+fp/hard\libc_nano.a(libc_a-errno.o)
                0x08005a80                __errno
 .text.__libc_init_array
                0x08005a8c       0x48 C:/ST/STM32CubeIDE_1.16.0/STM32CubeIDE/plugins/com.st.stm32cube.ide.mcu.externaltools.gnu-tools-for-stm32.12.3.rel1.win32_1.0.200.202406191623/tools/bin/../lib/gcc/arm-none-eabi/12.3.1/../../../../arm-none-eabi/lib/thumb/v7e-m+fp/hard\libc_nano.a(libc_a-init.o)
                0x08005a8c                __libc_init_array
 .text.__retarget_lock_init_recursive
                0x08005ad4        0x2 C:/ST/STM32CubeIDE_1.16.0/STM32CubeIDE/plugins/com.st.stm32cube.ide.mcu.externaltools.gnu-tools-for-stm32.12.3.rel1.win32_1.0.200.202406191623/tools/bin/../lib/gcc/arm-none-eabi/12.3.1/../../../../arm-none-eabi/lib/thumb/v7e-m+fp/hard\libc_nano.a(libc_a-lock.o)
                0x08005ad4                __retarget_lock_init_recursive
 .text.__retarget_lock_acquire_recursive
                0x08005ad6        0x2 C:/ST/STM32CubeIDE_1.16.0/STM32CubeIDE/plugins/com.st.stm32cube.ide.mcu.externaltools.gnu-tools-for-stm32.12.3.rel1.win32_1.0.200.202406191623/tools/bin/../lib/gcc/arm-none-eabi/12.3.1/../../../../arm-none-eabi/lib/thumb/v7e-m+fp/hard\libc_nano.a(libc_a-lock.o)
                0x08005ad6                __retarget_lock_acquire_recursive
 .text.__retarget_lock_release_recursive
                0x08005ad8        0x2 C:/ST/STM32CubeIDE_1.16.0/STM32CubeIDE/plugins/com.st.stm32cube.ide.mcu.externaltools.gnu-tools-for-stm32.12.3.rel1.win32_1.0.200.202406191623/tools/bin/../lib/gcc/arm-none-eabi/12.3.1/../../../../arm-none-eabi/lib/thumb/v7e-m+fp/hard\libc_nano.a(libc_a-lock.o)
                0x08005ad8                __retarget_lock_release_recursive
 *fill*         0x08005ada        0x2 
 .text._free_r  0x08005adc       0x94 C:/ST/STM32CubeIDE_1.16.0/STM32CubeIDE/plugins/com.st.stm32cube.ide.mcu.externaltools.gnu-tools-for-stm32.12.3.rel1.win32_1.0.200.202406191623/tools/bin/../lib/gcc/arm-none-eabi/12.3.1/../../../../arm-none-eabi/lib/thumb/v7e-m+fp/hard\libc_nano.a(libc_a-freer.o)
                0x08005adc                _free_r
 .text.sbrk_aligned
                0x08005b70       0x44 C:/ST/STM32CubeIDE_1.16.0/STM32CubeIDE/plugins/com.st.stm32cube.ide.mcu.externaltools.gnu-tools-for-stm32.12.3.rel1.win32_1.0.200.202406191623/tools/bin/../lib/gcc/arm-none-eabi/12.3.1/../../../../arm-none-eabi/lib/thumb/v7e-m+fp/hard\libc_nano.a(libc_a-mallocr.o)
 .text._malloc_r
                0x08005bb4      0x100 C:/ST/STM32CubeIDE_1.16.0/STM32CubeIDE/plugins/com.st.stm32cube.ide.mcu.externaltools.gnu-tools-for-stm32.12.3.rel1.win32_1.0.200.202406191623/tools/bin/../lib/gcc/arm-none-eabi/12.3.1/../../../../arm-none-eabi/lib/thumb/v7e-m+fp/hard\libc_nano.a(libc_a-mallocr.o)
                0x08005bb4                _malloc_r
 .text.__malloc_lock
                0x08005cb4        0xc C:/ST/STM32CubeIDE_1.16.0/STM32CubeIDE/plugins/com.st.stm32cube.ide.mcu.externaltools.gnu-tools-for-stm32.12.3.rel1.win32_1.0.200.202406191623/tools/bin/../lib/gcc/arm-none-eabi/12.3.1/../../../../arm-none-eabi/lib/thumb/v7e-m+fp/hard\libc_nano.a(libc_a-mlock.o)
                0x08005cb4                __malloc_lock
 .text.__malloc_unlock
                0x08005cc0        0xc C:/ST/STM32CubeIDE_1.16.0/STM32CubeIDE/plugins/com.st.stm32cube.ide.mcu.externaltools.gnu-tools-for-stm32.12.3.rel1.win32_1.0.200.202406191623/tools/bin/../lib/gcc/arm-none-eabi/12.3.1/../../../../arm-none-eabi/lib/thumb/v7e-m+fp/hard\libc_nano.a(libc_a-mlock.o)
                0x08005cc0                __malloc_unlock
 .text.__sfputc_r
                0x08005ccc       0x2e C:/ST/STM32CubeIDE_1.16.0/STM32CubeIDE/plugins/com.st.stm32cube.ide.mcu.externaltools.gnu-tools-for-stm32.12.3.rel1.win32_1.0.200.202406191623/tools/bin/../lib/gcc/arm-none-eabi/12.3.1/../../../../arm-none-eabi/lib/thumb/v7e-m+fp/hard\libc_nano.a(libc_a-nano-vfprintf.o)
 .text.__sfputs_r
                0x08005cfa       0x24 C:/ST/STM32CubeIDE_1.16.0/STM32CubeIDE/plugins/com.st.stm32cube.ide.mcu.externaltools.gnu-tools-for-stm32.12.3.rel1.win32_1.0.200.202406191623/tools/bin/../lib/gcc/arm-none-eabi/12.3.1/../../../../arm-none-eabi/lib/thumb/v7e-m+fp/hard\libc_nano.a(libc_a-nano-vfprintf.o)
                0x08005cfa                __sfputs_r
 *fill*         0x08005d1e        0x2 
 .text._vfprintf_r
                0x08005d20      0x230 C:/ST/STM32CubeIDE_1.16.0/STM32CubeIDE/plugins/com.st.stm32cube.ide.mcu.externaltools.gnu-tools-for-stm32.12.3.rel1.win32_1.0.200.202406191623/tools/bin/../lib/gcc/arm-none-eabi/12.3.1/../../../../arm-none-eabi/lib/thumb/v7e-m+fp/hard\libc_nano.a(libc_a-nano-vfprintf.o)
                0x08005d20                _vfprintf_r
                0x08005d20                _vfiprintf_r
 .text._printf_common
                0x08005f50       0xda C:/ST/STM32CubeIDE_1.16.0/STM32CubeIDE/plugins/com.st.stm32cube.ide.mcu.externaltools.gnu-tools-for-stm32.12.3.rel1.win32_1.0.200.202406191623/tools/bin/../lib/gcc/arm-none-eabi/12.3.1/../../../../arm-none-eabi/lib/thumb/v7e-m+fp/hard\libc_nano.a(libc_a-nano-vfprintf_i.o)
                0x08005f50                _printf_common
 *fill*         0x0800602a        0x2 
 .text._printf_i
                0x0800602c      0x240 C:/ST/STM32CubeIDE_1.16.0/STM32CubeIDE/plugins/com.st.stm32cube.ide.mcu.externaltools.gnu-tools-for-stm32.12.3.rel1.win32_1.0.200.202406191623/tools/bin/../lib/gcc/arm-none-eabi/12.3.1/../../../../arm-none-eabi/lib/thumb/v7e-m+fp/hard\libc_nano.a(libc_a-nano-vfprintf_i.o)
                0x0800602c                _printf_i
 .text.__sflush_r
                0x0800626c      0x108 C:/ST/STM32CubeIDE_1.16.0/STM32CubeIDE/plugins/com.st.stm32cube.ide.mcu.externaltools.gnu-tools-for-stm32.12.3.rel1.win32_1.0.200.202406191623/tools/bin/../lib/gcc/arm-none-eabi/12.3.1/../../../../arm-none-eabi/lib/thumb/v7e-m+fp/hard\libc_nano.a(libc_a-fflush.o)
                0x0800626c                __sflush_r
 .text._fflush_r
                0x08006374       0x50 C:/ST/STM32CubeIDE_1.16.0/STM32CubeIDE/plugins/com.st.stm32cube.ide.mcu.externaltools.gnu-tools-for-stm32.12.3.rel1.win32_1.0.200.202406191623/tools/bin/../lib/gcc/arm-none-eabi/12.3.1/../../../../arm-none-eabi/lib/thumb/v7e-m+fp/hard\libc_nano.a(libc_a-fflush.o)
                0x08006374                _fflush_r
 .text.__swhatbuf_r
                0x080063c4       0x4c C:/ST/STM32CubeIDE_1.16.0/STM32CubeIDE/plugins/com.st.stm32cube.ide.mcu.externaltools.gnu-tools-for-stm32.12.3.rel1.win32_1.0.200.202406191623/tools/bin/../lib/gcc/arm-none-eabi/12.3.1/../../../../arm-none-eabi/lib/thumb/v7e-m+fp/hard\libc_nano.a(libc_a-makebuf.o)
                0x080063c4                __swhatbuf_r
 .text.__smakebuf_r
                0x08006410       0x78 C:/ST/STM32CubeIDE_1.16.0/STM32CubeIDE/plugins/com.st.stm32cube.ide.mcu.externaltools.gnu-tools-for-stm32.12.3.rel1.win32_1.0.200.202406191623/tools/bin/../lib/gcc/arm-none-eabi/12.3.1/../../../../arm-none-eabi/lib/thumb/v7e-m+fp/hard\libc_nano.a(libc_a-makebuf.o)
                0x08006410                __smakebuf_r
 .text._fstat_r
                0x08006488       0x24 C:/ST/STM32CubeIDE_1.16.0/STM32CubeIDE/plugins/com.st.stm32cube.ide.mcu.externaltools.gnu-tools-for-stm32.12.3.rel1.win32_1.0.200.202406191623/tools/bin/../lib/gcc/arm-none-eabi/12.3.1/../../../../arm-none-eabi/lib/thumb/v7e-m+fp/hard\libc_nano.a(libc_a-fstatr.o)
                0x08006488                _fstat_r
 .text._isatty_r
                0x080064ac       0x20 C:/ST/STM32CubeIDE_1.16.0/STM32CubeIDE/plugins/com.st.stm32cube.ide.mcu.externaltools.gnu-tools-for-stm32.12.3.rel1.win32_1.0.200.202406191623/tools/bin/../lib/gcc/arm-none-eabi/12.3.1/../../../../arm-none-eabi/lib/thumb/v7e-m+fp/hard\libc_nano.a(libc_a-isattyr.o)
                0x080064ac                _isatty_r
 .text._sbrk_r  0x080064cc       0x20 C:/ST/STM32CubeIDE_1.16.0/STM32CubeIDE/plugins/com.st.stm32cube.ide.mcu.externaltools.gnu-tools-for-stm32.12.3.rel1.win32_1.0.200.202406191623/tools/bin/../lib/gcc/arm-none-eabi/12.3.1/../../../../arm-none-eabi/lib/thumb/v7e-m+fp/hard\libc_nano.a(libc_a-sbrkr.o)
                0x080064cc                _sbrk_r
 *(.glue_7)
 .glue_7        0x080064ec        0x0 linker stubs
 *(.glue_7t)
 .glue_7t       0x080064ec        0x0 linker stubs
 *(.eh_frame)
 .eh_frame      0x080064ec        0x0 C:/ST/STM32CubeIDE_1.16.0/STM32CubeIDE/plugins/com.st.stm32cube.ide.mcu.externaltools.gnu-tools-for-stm32.12.3.rel1.win32_1.0.200.202406191623/tools/bin/../lib/gcc/arm-none-eabi/12.3.1/thumb/v7e-m+fp/hard/crtbegin.o
 *(.init)
 .init          0x080064ec        0x4 C:/ST/STM32CubeIDE_1.16.0/STM32CubeIDE/plugins/com.st.stm32cube.ide.mcu.externaltools.gnu-tools-for-stm32.12.3.rel1.win32_1.0.200.202406191623/tools/bin/../lib/gcc/arm-none-eabi/12.3.1/thumb/v7e-m+fp/hard/crti.o
                0x080064ec                _init
 .init          0x080064f0        0x8 C:/ST/STM32CubeIDE_1.16.0/STM32CubeIDE/plugins/com.st.stm32cube.ide.mcu.externaltools.gnu-tools-for-stm32.12.3.rel1.win32_1.0.200.202406191623/tools/bin/../lib/gcc/arm-none-eabi/12.3.1/thumb/v7e-m+fp/hard/crtn.o
 *(.fini)
 .fini          0x080064f8        0x4 C:/ST/STM32CubeIDE_1.16.0/STM32CubeIDE/plugins/com.st.stm32cube.ide.mcu.externaltools.gnu-tools-for-stm32.12.3.rel1.win32_1.0.200.202406191623/tools/bin/../lib/gcc/arm-none-eabi/12.3.1/thumb/v7e-m+fp/hard/crti.o
                0x080064f8                _fini
 .fini          0x080064fc        0x8 C:/ST/STM32CubeIDE_1.16.0/STM32CubeIDE/plugins/com.st.stm32cube.ide.mcu.externaltools.gnu-tools-for-stm32.12.3.rel1.win32_1.0.200.202406191623/tools/bin/../lib/gcc/arm-none-eabi/12.3.1/thumb/v7e-m+fp/hard/crtn.o
                0x08006504                        . = ALIGN (0x4)
                0x08006504                        _etext = .

.vfp11_veneer   0x08006504        0x0
 .vfp11_veneer  0x08006504        0x0 linker stubs

.v4_bx          0x08006504        0x0
 .v4_bx         0x08006504        0x0 linker stubs

.iplt           0x08006504        0x0
 .iplt          0x08006504        0x0 C:/ST/STM32CubeIDE_1.16.0/STM32CubeIDE/plugins/com.st.stm32cube.ide.mcu.externaltools.gnu-tools-for-stm32.12.3.rel1.win32_1.0.200.202406191623/tools/bin/../lib/gcc/arm-none-eabi/12.3.1/thumb/v7e-m+fp/hard/crtbegin.o

.rodata         0x08006504     0x1270
                0x08006504                        . = ALIGN (0x4)
 *(.rodata)
 .rodata        0x08006504       0x52 ./Core/Src/ApplicationCode.o
 *(.rodata*)
 *fill*         0x08006556        0x2 
 .rodata.ASCII16x24_Table
                0x08006558     0x11d0 ./Core/Src/fonts.o
                0x08006558                ASCII16x24_Table
 .rodata.AHBPrescTable
                0x08007728       0x10 ./Core/Src/system_stm32f4xx.o
                0x08007728                AHBPrescTable
 .rodata.APBPrescTable
                0x08007738        0x8 ./Core/Src/system_stm32f4xx.o
                0x08007738                APBPrescTable
 .rodata._vfprintf_r.str1.1
                0x08007740       0x11 C:/ST/STM32CubeIDE_1.16.0/STM32CubeIDE/plugins/com.st.stm32cube.ide.mcu.externaltools.gnu-tools-for-stm32.12.3.rel1.win32_1.0.200.202406191623/tools/bin/../lib/gcc/arm-none-eabi/12.3.1/../../../../arm-none-eabi/lib/thumb/v7e-m+fp/hard\libc_nano.a(libc_a-nano-vfprintf.o)
 .rodata._printf_i.str1.1
                0x08007751       0x22 C:/ST/STM32CubeIDE_1.16.0/STM32CubeIDE/plugins/com.st.stm32cube.ide.mcu.externaltools.gnu-tools-for-stm32.12.3.rel1.win32_1.0.200.202406191623/tools/bin/../lib/gcc/arm-none-eabi/12.3.1/../../../../arm-none-eabi/lib/thumb/v7e-m+fp/hard\libc_nano.a(libc_a-nano-vfprintf_i.o)
                0x08007774                        . = ALIGN (0x4)
 *fill*         0x08007773        0x1 

.ARM.extab      0x08007774        0x0
                0x08007774                        . = ALIGN (0x4)
 *(.ARM.extab* .gnu.linkonce.armextab.*)
                0x08007774                        . = ALIGN (0x4)

.ARM            0x08007774        0x8
                0x08007774                        . = ALIGN (0x4)
                0x08007774                        __exidx_start = .
 *(.ARM.exidx*)
 .ARM.exidx     0x08007774        0x8 C:/ST/STM32CubeIDE_1.16.0/STM32CubeIDE/plugins/com.st.stm32cube.ide.mcu.externaltools.gnu-tools-for-stm32.12.3.rel1.win32_1.0.200.202406191623/tools/bin/../lib/gcc/arm-none-eabi/12.3.1/../../../../arm-none-eabi/lib/thumb/v7e-m+fp/hard\libc_nano.a(libc_a-memchr.o)
 .ARM.exidx     0x0800777c        0x0 C:/ST/STM32CubeIDE_1.16.0/STM32CubeIDE/plugins/com.st.stm32cube.ide.mcu.externaltools.gnu-tools-for-stm32.12.3.rel1.win32_1.0.200.202406191623/tools/bin/../lib/gcc/arm-none-eabi/12.3.1/thumb/v7e-m+fp/hard\libgcc.a(_udivmoddi4.o)
                                  0x8 (size before relaxing)
                0x0800777c                        __exidx_end = .
                0x0800777c                        . = ALIGN (0x4)

.preinit_array  0x0800777c        0x0
                0x0800777c                        . = ALIGN (0x4)
                0x0800777c                        PROVIDE (__preinit_array_start = .)
 *(.preinit_array*)
                0x0800777c                        PROVIDE (__preinit_array_end = .)
                0x0800777c                        . = ALIGN (0x4)

.init_array     0x0800777c        0x4
                0x0800777c                        . = ALIGN (0x4)
                0x0800777c                        PROVIDE (__init_array_start = .)
 *(SORT_BY_NAME(.init_array.*))
 *(.init_array*)
 .init_array    0x0800777c        0x4 C:/ST/STM32CubeIDE_1.16.0/STM32CubeIDE/plugins/com.st.stm32cube.ide.mcu.externaltools.gnu-tools-for-stm32.12.3.rel1.win32_1.0.200.202406191623/tools/bin/../lib/gcc/arm-none-eabi/12.3.1/thumb/v7e-m+fp/hard/crtbegin.o
                0x08007780                        PROVIDE (__init_array_end = .)
                0x08007780                        . = ALIGN (0x4)

.fini_array     0x08007780        0x4
                0x08007780                        . = ALIGN (0x4)
                [!provide]                        PROVIDE (__fini_array_start = .)
 *(SORT_BY_NAME(.fini_array.*))
 *(.fini_array*)
 .fini_array    0x08007780        0x4 C:/ST/STM32CubeIDE_1.16.0/STM32CubeIDE/plugins/com.st.stm32cube.ide.mcu.externaltools.gnu-tools-for-stm32.12.3.rel1.win32_1.0.200.202406191623/tools/bin/../lib/gcc/arm-none-eabi/12.3.1/thumb/v7e-m+fp/hard/crtbegin.o
                [!provide]                        PROVIDE (__fini_array_end = .)
                0x08007784                        . = ALIGN (0x4)
                0x08007784                        _sidata = LOADADDR (.data)

.rel.dyn        0x08007784        0x0
 .rel.iplt      0x08007784        0x0 C:/ST/STM32CubeIDE_1.16.0/STM32CubeIDE/plugins/com.st.stm32cube.ide.mcu.externaltools.gnu-tools-for-stm32.12.3.rel1.win32_1.0.200.202406191623/tools/bin/../lib/gcc/arm-none-eabi/12.3.1/thumb/v7e-m+fp/hard/crtbegin.o

.data           0x20000000       0x78 load address 0x08007784
                0x20000000                        . = ALIGN (0x4)
                0x20000000                        _sdata = .
 *(.data)
 *(.data*)
 .data.CurrentTextColor
                0x20000000        0x2 ./Core/Src/LCD_Driver.o
 *fill*         0x20000002        0x2 
 .data.Font16x24
                0x20000004        0x8 ./Core/Src/fonts.o
                0x20000004                Font16x24
 .data.SpiTimeout
                0x2000000c        0x4 ./Core/Src/ili9341.o
                0x2000000c                SpiTimeout
 .data.SystemCoreClock
                0x20000010        0x4 ./Core/Src/system_stm32f4xx.o
                0x20000010                SystemCoreClock
 .data.uwTickPrio
                0x20000014        0x4 ./Drivers/STM32F4xx_HAL_Driver/Src/stm32f4xx_hal.o
                0x20000014                uwTickPrio
 .data.uwTickFreq
                0x20000018        0x1 ./Drivers/STM32F4xx_HAL_Driver/Src/stm32f4xx_hal.o
                0x20000018                uwTickFreq
 *fill*         0x20000019        0x3 
 .data.__sglue  0x2000001c        0xc C:/ST/STM32CubeIDE_1.16.0/STM32CubeIDE/plugins/com.st.stm32cube.ide.mcu.externaltools.gnu-tools-for-stm32.12.3.rel1.win32_1.0.200.202406191623/tools/bin/../lib/gcc/arm-none-eabi/12.3.1/../../../../arm-none-eabi/lib/thumb/v7e-m+fp/hard\libc_nano.a(libc_a-findfp.o)
                0x2000001c                __sglue
 .data._impure_ptr
                0x20000028        0x4 C:/ST/STM32CubeIDE_1.16.0/STM32CubeIDE/plugins/com.st.stm32cube.ide.mcu.externaltools.gnu-tools-for-stm32.12.3.rel1.win32_1.0.200.202406191623/tools/bin/../lib/gcc/arm-none-eabi/12.3.1/../../../../arm-none-eabi/lib/thumb/v7e-m+fp/hard\libc_nano.a(libc_a-impure.o)
                0x20000028                _impure_ptr
 .data._impure_data
                0x2000002c       0x4c C:/ST/STM32CubeIDE_1.16.0/STM32CubeIDE/plugins/com.st.stm32cube.ide.mcu.externaltools.gnu-tools-for-stm32.12.3.rel1.win32_1.0.200.202406191623/tools/bin/../lib/gcc/arm-none-eabi/12.3.1/../../../../arm-none-eabi/lib/thumb/v7e-m+fp/hard\libc_nano.a(libc_a-impure.o)
                0x2000002c                _impure_data
 *(.RamFunc)
 *(.RamFunc*)
                0x20000078                        . = ALIGN (0x4)
                0x20000078                        _edata = .
                0x080077fc                        _siccmram = LOADADDR (.ccmram)

.igot.plt       0x20000078        0x0 load address 0x080077fc
 .igot.plt      0x20000078        0x0 C:/ST/STM32CubeIDE_1.16.0/STM32CubeIDE/plugins/com.st.stm32cube.ide.mcu.externaltools.gnu-tools-for-stm32.12.3.rel1.win32_1.0.200.202406191623/tools/bin/../lib/gcc/arm-none-eabi/12.3.1/thumb/v7e-m+fp/hard/crtbegin.o

.ccmram         0x10000000        0x0 load address 0x080077fc
                0x10000000                        . = ALIGN (0x4)
                0x10000000                        _sccmram = .
 *(.ccmram)
 *(.ccmram*)
                0x10000000                        . = ALIGN (0x4)
                0x10000000                        _eccmram = .
                0x10000000                        . = ALIGN (0x4)

.bss            0x20000078    0x25b18
                0x20000078                        _sbss = .
                0x20000078                        __bss_start__ = _sbss
 *(.bss)
 .bss           0x20000078       0x1c C:/ST/STM32CubeIDE_1.16.0/STM32CubeIDE/plugins/com.st.stm32cube.ide.mcu.externaltools.gnu-tools-for-stm32.12.3.rel1.win32_1.0.200.202406191623/tools/bin/../lib/gcc/arm-none-eabi/12.3.1/thumb/v7e-m+fp/hard/crtbegin.o
 *(.bss*)
 .bss.StaticTouchData
                0x20000094        0x8 ./Core/Src/ApplicationCode.o
 .bss.LCDTouchIRQ
                0x2000009c        0x8 ./Core/Src/ApplicationCode.o
 .bss.statusFlag
                0x200000a4        0x1 ./Core/Src/ApplicationCode.o
 *fill*         0x200000a5        0x3 
 .bss.count.0   0x200000a8        0x4 ./Core/Src/ApplicationCode.o
 .bss.hltdc     0x200000ac       0xa8 ./Core/Src/LCD_Driver.o
 .bss.PeriphClkInitStruct
                0x20000154       0x30 ./Core/Src/LCD_Driver.o
 .bss.LCD_Currentfonts
                0x20000184        0x4 ./Core/Src/LCD_Driver.o
 .bss.frameBuffer
                0x20000188    0x25800 ./Core/Src/LCD_Driver.o
                0x20000188                frameBuffer
 .bss.SpiHandle
                0x20025988       0x58 ./Core/Src/ili9341.o
 .bss.Is_LCD_IO_Initialized
                0x200259e0        0x1 ./Core/Src/ili9341.o
 *fill*         0x200259e1        0x3 
 .bss.hI2C3     0x200259e4       0x54 ./Core/Src/stmpe811.o
 .bss.HAL_status
                0x20025a38        0x1 ./Core/Src/stmpe811.o
 *fill*         0x20025a39        0x3 
 .bss.__sbrk_heap_end
                0x20025a3c        0x4 ./Core/Src/sysmem.o
 .bss.uwTick    0x20025a40        0x4 ./Drivers/STM32F4xx_HAL_Driver/Src/stm32f4xx_hal.o
                0x20025a40                uwTick
 .bss.__sf      0x20025a44      0x138 C:/ST/STM32CubeIDE_1.16.0/STM32CubeIDE/plugins/com.st.stm32cube.ide.mcu.externaltools.gnu-tools-for-stm32.12.3.rel1.win32_1.0.200.202406191623/tools/bin/../lib/gcc/arm-none-eabi/12.3.1/../../../../arm-none-eabi/lib/thumb/v7e-m+fp/hard\libc_nano.a(libc_a-findfp.o)
                0x20025a44                __sf
 .bss.__stdio_exit_handler
                0x20025b7c        0x4 C:/ST/STM32CubeIDE_1.16.0/STM32CubeIDE/plugins/com.st.stm32cube.ide.mcu.externaltools.gnu-tools-for-stm32.12.3.rel1.win32_1.0.200.202406191623/tools/bin/../lib/gcc/arm-none-eabi/12.3.1/../../../../arm-none-eabi/lib/thumb/v7e-m+fp/hard\libc_nano.a(libc_a-findfp.o)
                0x20025b7c                __stdio_exit_handler
 .bss.errno     0x20025b80        0x4 C:/ST/STM32CubeIDE_1.16.0/STM32CubeIDE/plugins/com.st.stm32cube.ide.mcu.externaltools.gnu-tools-for-stm32.12.3.rel1.win32_1.0.200.202406191623/tools/bin/../lib/gcc/arm-none-eabi/12.3.1/../../../../arm-none-eabi/lib/thumb/v7e-m+fp/hard\libc_nano.a(libc_a-reent.o)
                0x20025b80                errno
 .bss.__lock___malloc_recursive_mutex
                0x20025b84        0x1 C:/ST/STM32CubeIDE_1.16.0/STM32CubeIDE/plugins/com.st.stm32cube.ide.mcu.externaltools.gnu-tools-for-stm32.12.3.rel1.win32_1.0.200.202406191623/tools/bin/../lib/gcc/arm-none-eabi/12.3.1/../../../../arm-none-eabi/lib/thumb/v7e-m+fp/hard\libc_nano.a(libc_a-lock.o)
                0x20025b84                __lock___malloc_recursive_mutex
 .bss.__lock___sfp_recursive_mutex
                0x20025b85        0x1 C:/ST/STM32CubeIDE_1.16.0/STM32CubeIDE/plugins/com.st.stm32cube.ide.mcu.externaltools.gnu-tools-for-stm32.12.3.rel1.win32_1.0.200.202406191623/tools/bin/../lib/gcc/arm-none-eabi/12.3.1/../../../../arm-none-eabi/lib/thumb/v7e-m+fp/hard\libc_nano.a(libc_a-lock.o)
                0x20025b85                __lock___sfp_recursive_mutex
 *fill*         0x20025b86        0x2 
 .bss.__malloc_sbrk_start
                0x20025b88        0x4 C:/ST/STM32CubeIDE_1.16.0/STM32CubeIDE/plugins/com.st.stm32cube.ide.mcu.externaltools.gnu-tools-for-stm32.12.3.rel1.win32_1.0.200.202406191623/tools/bin/../lib/gcc/arm-none-eabi/12.3.1/../../../../arm-none-eabi/lib/thumb/v7e-m+fp/hard\libc_nano.a(libc_a-mallocr.o)
                0x20025b88                __malloc_sbrk_start
 .bss.__malloc_free_list
                0x20025b8c        0x4 C:/ST/STM32CubeIDE_1.16.0/STM32CubeIDE/plugins/com.st.stm32cube.ide.mcu.externaltools.gnu-tools-for-stm32.12.3.rel1.win32_1.0.200.202406191623/tools/bin/../lib/gcc/arm-none-eabi/12.3.1/../../../../arm-none-eabi/lib/thumb/v7e-m+fp/hard\libc_nano.a(libc_a-mallocr.o)
                0x20025b8c                __malloc_free_list
 *(COMMON)
                0x20025b90                        . = ALIGN (0x4)
                0x20025b90                        _ebss = .
                0x20025b90                        __bss_end__ = _ebss

._user_heap_stack
                0x20025b90      0x600
                0x20025b90                        . = ALIGN (0x8)
                [!provide]                        PROVIDE (end = .)
                0x20025b90                        PROVIDE (_end = .)
                0x20025d90                        . = (. + _Min_Heap_Size)
 *fill*         0x20025b90      0x200 
                0x20026190                        . = (. + _Min_Stack_Size)
 *fill*         0x20025d90      0x400 
                0x20026190                        . = ALIGN (0x8)

/DISCARD/
 libc.a(*)
 libm.a(*)
 libgcc.a(*)

.ARM.attributes
                0x00000000       0x30
 *(.ARM.attributes)
 .ARM.attributes
                0x00000000       0x22 C:/ST/STM32CubeIDE_1.16.0/STM32CubeIDE/plugins/com.st.stm32cube.ide.mcu.externaltools.gnu-tools-for-stm32.12.3.rel1.win32_1.0.200.202406191623/tools/bin/../lib/gcc/arm-none-eabi/12.3.1/thumb/v7e-m+fp/hard/crti.o
 .ARM.attributes
                0x00000022       0x34 C:/ST/STM32CubeIDE_1.16.0/STM32CubeIDE/plugins/com.st.stm32cube.ide.mcu.externaltools.gnu-tools-for-stm32.12.3.rel1.win32_1.0.200.202406191623/tools/bin/../lib/gcc/arm-none-eabi/12.3.1/thumb/v7e-m+fp/hard/crtbegin.o
 .ARM.attributes
                0x00000056       0x34 ./Core/Src/ApplicationCode.o
 .ARM.attributes
                0x0000008a       0x34 ./Core/Src/GameLogistics.o
 .ARM.attributes
                0x000000be       0x34 ./Core/Src/LCD_Driver.o
 .ARM.attributes
                0x000000f2       0x34 ./Core/Src/StartPlayAndTimeScreen.o
 .ARM.attributes
                0x00000126       0x34 ./Core/Src/fonts.o
 .ARM.attributes
                0x0000015a       0x34 ./Core/Src/ili9341.o
 .ARM.attributes
                0x0000018e       0x34 ./Core/Src/main.o
 .ARM.attributes
                0x000001c2       0x34 ./Core/Src/stm32f4xx_hal_msp.o
 .ARM.attributes
                0x000001f6       0x34 ./Core/Src/stm32f4xx_it.o
 .ARM.attributes
                0x0000022a       0x34 ./Core/Src/stmpe811.o
 .ARM.attributes
                0x0000025e       0x34 ./Core/Src/syscalls.o
 .ARM.attributes
                0x00000292       0x34 ./Core/Src/sysmem.o
 .ARM.attributes
                0x000002c6       0x34 ./Core/Src/system_stm32f4xx.o
 .ARM.attributes
                0x000002fa       0x21 ./Core/Startup/startup_stm32f429zitx.o
 .ARM.attributes
                0x0000031b       0x34 ./Drivers/STM32F4xx_HAL_Driver/Src/stm32f4xx_hal.o
 .ARM.attributes
                0x0000034f       0x34 ./Drivers/STM32F4xx_HAL_Driver/Src/stm32f4xx_hal_cortex.o
 .ARM.attributes
                0x00000383       0x34 ./Drivers/STM32F4xx_HAL_Driver/Src/stm32f4xx_hal_exti.o
 .ARM.attributes
                0x000003b7       0x34 ./Drivers/STM32F4xx_HAL_Driver/Src/stm32f4xx_hal_gpio.o
 .ARM.attributes
                0x000003eb       0x34 ./Drivers/STM32F4xx_HAL_Driver/Src/stm32f4xx_hal_i2c.o
 .ARM.attributes
                0x0000041f       0x34 ./Drivers/STM32F4xx_HAL_Driver/Src/stm32f4xx_hal_ltdc.o
 .ARM.attributes
                0x00000453       0x34 ./Drivers/STM32F4xx_HAL_Driver/Src/stm32f4xx_hal_rcc.o
 .ARM.attributes
                0x00000487       0x34 ./Drivers/STM32F4xx_HAL_Driver/Src/stm32f4xx_hal_rcc_ex.o
 .ARM.attributes
                0x000004bb       0x34 ./Drivers/STM32F4xx_HAL_Driver/Src/stm32f4xx_hal_spi.o
 .ARM.attributes
                0x000004ef       0x34 C:/ST/STM32CubeIDE_1.16.0/STM32CubeIDE/plugins/com.st.stm32cube.ide.mcu.externaltools.gnu-tools-for-stm32.12.3.rel1.win32_1.0.200.202406191623/tools/bin/../lib/gcc/arm-none-eabi/12.3.1/../../../../arm-none-eabi/lib/thumb/v7e-m+fp/hard\libc_nano.a(libc_a-findfp.o)
 .ARM.attributes
                0x00000523       0x34 C:/ST/STM32CubeIDE_1.16.0/STM32CubeIDE/plugins/com.st.stm32cube.ide.mcu.externaltools.gnu-tools-for-stm32.12.3.rel1.win32_1.0.200.202406191623/tools/bin/../lib/gcc/arm-none-eabi/12.3.1/../../../../arm-none-eabi/lib/thumb/v7e-m+fp/hard\libc_nano.a(libc_a-fwalk.o)
 .ARM.attributes
                0x00000557       0x34 C:/ST/STM32CubeIDE_1.16.0/STM32CubeIDE/plugins/com.st.stm32cube.ide.mcu.externaltools.gnu-tools-for-stm32.12.3.rel1.win32_1.0.200.202406191623/tools/bin/../lib/gcc/arm-none-eabi/12.3.1/../../../../arm-none-eabi/lib/thumb/v7e-m+fp/hard\libc_nano.a(libc_a-printf.o)
 .ARM.attributes
                0x0000058b       0x34 C:/ST/STM32CubeIDE_1.16.0/STM32CubeIDE/plugins/com.st.stm32cube.ide.mcu.externaltools.gnu-tools-for-stm32.12.3.rel1.win32_1.0.200.202406191623/tools/bin/../lib/gcc/arm-none-eabi/12.3.1/../../../../arm-none-eabi/lib/thumb/v7e-m+fp/hard\libc_nano.a(libc_a-puts.o)
 .ARM.attributes
                0x000005bf       0x34 C:/ST/STM32CubeIDE_1.16.0/STM32CubeIDE/plugins/com.st.stm32cube.ide.mcu.externaltools.gnu-tools-for-stm32.12.3.rel1.win32_1.0.200.202406191623/tools/bin/../lib/gcc/arm-none-eabi/12.3.1/../../../../arm-none-eabi/lib/thumb/v7e-m+fp/hard\libc_nano.a(libc_a-stdio.o)
 .ARM.attributes
                0x000005f3       0x34 C:/ST/STM32CubeIDE_1.16.0/STM32CubeIDE/plugins/com.st.stm32cube.ide.mcu.externaltools.gnu-tools-for-stm32.12.3.rel1.win32_1.0.200.202406191623/tools/bin/../lib/gcc/arm-none-eabi/12.3.1/../../../../arm-none-eabi/lib/thumb/v7e-m+fp/hard\libc_nano.a(libc_a-wbuf.o)
 .ARM.attributes
                0x00000627       0x34 C:/ST/STM32CubeIDE_1.16.0/STM32CubeIDE/plugins/com.st.stm32cube.ide.mcu.externaltools.gnu-tools-for-stm32.12.3.rel1.win32_1.0.200.202406191623/tools/bin/../lib/gcc/arm-none-eabi/12.3.1/../../../../arm-none-eabi/lib/thumb/v7e-m+fp/hard\libc_nano.a(libc_a-wsetup.o)
 .ARM.attributes
                0x0000065b       0x34 C:/ST/STM32CubeIDE_1.16.0/STM32CubeIDE/plugins/com.st.stm32cube.ide.mcu.externaltools.gnu-tools-for-stm32.12.3.rel1.win32_1.0.200.202406191623/tools/bin/../lib/gcc/arm-none-eabi/12.3.1/../../../../arm-none-eabi/lib/thumb/v7e-m+fp/hard\libc_nano.a(libc_a-memset.o)
 .ARM.attributes
                0x0000068f       0x34 C:/ST/STM32CubeIDE_1.16.0/STM32CubeIDE/plugins/com.st.stm32cube.ide.mcu.externaltools.gnu-tools-for-stm32.12.3.rel1.win32_1.0.200.202406191623/tools/bin/../lib/gcc/arm-none-eabi/12.3.1/../../../../arm-none-eabi/lib/thumb/v7e-m+fp/hard\libc_nano.a(libc_a-closer.o)
 .ARM.attributes
                0x000006c3       0x34 C:/ST/STM32CubeIDE_1.16.0/STM32CubeIDE/plugins/com.st.stm32cube.ide.mcu.externaltools.gnu-tools-for-stm32.12.3.rel1.win32_1.0.200.202406191623/tools/bin/../lib/gcc/arm-none-eabi/12.3.1/../../../../arm-none-eabi/lib/thumb/v7e-m+fp/hard\libc_nano.a(libc_a-reent.o)
 .ARM.attributes
                0x000006f7       0x34 C:/ST/STM32CubeIDE_1.16.0/STM32CubeIDE/plugins/com.st.stm32cube.ide.mcu.externaltools.gnu-tools-for-stm32.12.3.rel1.win32_1.0.200.202406191623/tools/bin/../lib/gcc/arm-none-eabi/12.3.1/../../../../arm-none-eabi/lib/thumb/v7e-m+fp/hard\libc_nano.a(libc_a-impure.o)
 .ARM.attributes
                0x0000072b       0x34 C:/ST/STM32CubeIDE_1.16.0/STM32CubeIDE/plugins/com.st.stm32cube.ide.mcu.externaltools.gnu-tools-for-stm32.12.3.rel1.win32_1.0.200.202406191623/tools/bin/../lib/gcc/arm-none-eabi/12.3.1/../../../../arm-none-eabi/lib/thumb/v7e-m+fp/hard\libc_nano.a(libc_a-lseekr.o)
 .ARM.attributes
                0x0000075f       0x34 C:/ST/STM32CubeIDE_1.16.0/STM32CubeIDE/plugins/com.st.stm32cube.ide.mcu.externaltools.gnu-tools-for-stm32.12.3.rel1.win32_1.0.200.202406191623/tools/bin/../lib/gcc/arm-none-eabi/12.3.1/../../../../arm-none-eabi/lib/thumb/v7e-m+fp/hard\libc_nano.a(libc_a-readr.o)
 .ARM.attributes
                0x00000793       0x34 C:/ST/STM32CubeIDE_1.16.0/STM32CubeIDE/plugins/com.st.stm32cube.ide.mcu.externaltools.gnu-tools-for-stm32.12.3.rel1.win32_1.0.200.202406191623/tools/bin/../lib/gcc/arm-none-eabi/12.3.1/../../../../arm-none-eabi/lib/thumb/v7e-m+fp/hard\libc_nano.a(libc_a-writer.o)
 .ARM.attributes
                0x000007c7       0x34 C:/ST/STM32CubeIDE_1.16.0/STM32CubeIDE/plugins/com.st.stm32cube.ide.mcu.externaltools.gnu-tools-for-stm32.12.3.rel1.win32_1.0.200.202406191623/tools/bin/../lib/gcc/arm-none-eabi/12.3.1/../../../../arm-none-eabi/lib/thumb/v7e-m+fp/hard\libc_nano.a(libc_a-errno.o)
 .ARM.attributes
                0x000007fb       0x34 C:/ST/STM32CubeIDE_1.16.0/STM32CubeIDE/plugins/com.st.stm32cube.ide.mcu.externaltools.gnu-tools-for-stm32.12.3.rel1.win32_1.0.200.202406191623/tools/bin/../lib/gcc/arm-none-eabi/12.3.1/../../../../arm-none-eabi/lib/thumb/v7e-m+fp/hard\libc_nano.a(libc_a-init.o)
 .ARM.attributes
                0x0000082f       0x34 C:/ST/STM32CubeIDE_1.16.0/STM32CubeIDE/plugins/com.st.stm32cube.ide.mcu.externaltools.gnu-tools-for-stm32.12.3.rel1.win32_1.0.200.202406191623/tools/bin/../lib/gcc/arm-none-eabi/12.3.1/../../../../arm-none-eabi/lib/thumb/v7e-m+fp/hard\libc_nano.a(libc_a-lock.o)
 .ARM.attributes
                0x00000863       0x34 C:/ST/STM32CubeIDE_1.16.0/STM32CubeIDE/plugins/com.st.stm32cube.ide.mcu.externaltools.gnu-tools-for-stm32.12.3.rel1.win32_1.0.200.202406191623/tools/bin/../lib/gcc/arm-none-eabi/12.3.1/../../../../arm-none-eabi/lib/thumb/v7e-m+fp/hard\libc_nano.a(libc_a-freer.o)
 .ARM.attributes
                0x00000897       0x34 C:/ST/STM32CubeIDE_1.16.0/STM32CubeIDE/plugins/com.st.stm32cube.ide.mcu.externaltools.gnu-tools-for-stm32.12.3.rel1.win32_1.0.200.202406191623/tools/bin/../lib/gcc/arm-none-eabi/12.3.1/../../../../arm-none-eabi/lib/thumb/v7e-m+fp/hard\libc_nano.a(libc_a-mallocr.o)
 .ARM.attributes
                0x000008cb       0x34 C:/ST/STM32CubeIDE_1.16.0/STM32CubeIDE/plugins/com.st.stm32cube.ide.mcu.externaltools.gnu-tools-for-stm32.12.3.rel1.win32_1.0.200.202406191623/tools/bin/../lib/gcc/arm-none-eabi/12.3.1/../../../../arm-none-eabi/lib/thumb/v7e-m+fp/hard\libc_nano.a(libc_a-mlock.o)
 .ARM.attributes
                0x000008ff       0x34 C:/ST/STM32CubeIDE_1.16.0/STM32CubeIDE/plugins/com.st.stm32cube.ide.mcu.externaltools.gnu-tools-for-stm32.12.3.rel1.win32_1.0.200.202406191623/tools/bin/../lib/gcc/arm-none-eabi/12.3.1/../../../../arm-none-eabi/lib/thumb/v7e-m+fp/hard\libc_nano.a(libc_a-nano-vfprintf.o)
 .ARM.attributes
                0x00000933       0x34 C:/ST/STM32CubeIDE_1.16.0/STM32CubeIDE/plugins/com.st.stm32cube.ide.mcu.externaltools.gnu-tools-for-stm32.12.3.rel1.win32_1.0.200.202406191623/tools/bin/../lib/gcc/arm-none-eabi/12.3.1/../../../../arm-none-eabi/lib/thumb/v7e-m+fp/hard\libc_nano.a(libc_a-nano-vfprintf_i.o)
 .ARM.attributes
                0x00000967       0x34 C:/ST/STM32CubeIDE_1.16.0/STM32CubeIDE/plugins/com.st.stm32cube.ide.mcu.externaltools.gnu-tools-for-stm32.12.3.rel1.win32_1.0.200.202406191623/tools/bin/../lib/gcc/arm-none-eabi/12.3.1/../../../../arm-none-eabi/lib/thumb/v7e-m+fp/hard\libc_nano.a(libc_a-fflush.o)
 .ARM.attributes
                0x0000099b       0x34 C:/ST/STM32CubeIDE_1.16.0/STM32CubeIDE/plugins/com.st.stm32cube.ide.mcu.externaltools.gnu-tools-for-stm32.12.3.rel1.win32_1.0.200.202406191623/tools/bin/../lib/gcc/arm-none-eabi/12.3.1/../../../../arm-none-eabi/lib/thumb/v7e-m+fp/hard\libc_nano.a(libc_a-makebuf.o)
 .ARM.attributes
                0x000009cf       0x34 C:/ST/STM32CubeIDE_1.16.0/STM32CubeIDE/plugins/com.st.stm32cube.ide.mcu.externaltools.gnu-tools-for-stm32.12.3.rel1.win32_1.0.200.202406191623/tools/bin/../lib/gcc/arm-none-eabi/12.3.1/../../../../arm-none-eabi/lib/thumb/v7e-m+fp/hard\libc_nano.a(libc_a-fstatr.o)
 .ARM.attributes
                0x00000a03       0x34 C:/ST/STM32CubeIDE_1.16.0/STM32CubeIDE/plugins/com.st.stm32cube.ide.mcu.externaltools.gnu-tools-for-stm32.12.3.rel1.win32_1.0.200.202406191623/tools/bin/../lib/gcc/arm-none-eabi/12.3.1/../../../../arm-none-eabi/lib/thumb/v7e-m+fp/hard\libc_nano.a(libc_a-isattyr.o)
 .ARM.attributes
                0x00000a37       0x34 C:/ST/STM32CubeIDE_1.16.0/STM32CubeIDE/plugins/com.st.stm32cube.ide.mcu.externaltools.gnu-tools-for-stm32.12.3.rel1.win32_1.0.200.202406191623/tools/bin/../lib/gcc/arm-none-eabi/12.3.1/../../../../arm-none-eabi/lib/thumb/v7e-m+fp/hard\libc_nano.a(libc_a-sbrkr.o)
 .ARM.attributes
                0x00000a6b       0x1c C:/ST/STM32CubeIDE_1.16.0/STM32CubeIDE/plugins/com.st.stm32cube.ide.mcu.externaltools.gnu-tools-for-stm32.12.3.rel1.win32_1.0.200.202406191623/tools/bin/../lib/gcc/arm-none-eabi/12.3.1/../../../../arm-none-eabi/lib/thumb/v7e-m+fp/hard\libc_nano.a(libc_a-memchr.o)
 .ARM.attributes
                0x00000a87       0x22 C:/ST/STM32CubeIDE_1.16.0/STM32CubeIDE/plugins/com.st.stm32cube.ide.mcu.externaltools.gnu-tools-for-stm32.12.3.rel1.win32_1.0.200.202406191623/tools/bin/../lib/gcc/arm-none-eabi/12.3.1/thumb/v7e-m+fp/hard\libgcc.a(_aeabi_uldivmod.o)
 .ARM.attributes
                0x00000aa9       0x34 C:/ST/STM32CubeIDE_1.16.0/STM32CubeIDE/plugins/com.st.stm32cube.ide.mcu.externaltools.gnu-tools-for-stm32.12.3.rel1.win32_1.0.200.202406191623/tools/bin/../lib/gcc/arm-none-eabi/12.3.1/thumb/v7e-m+fp/hard\libgcc.a(_udivmoddi4.o)
 .ARM.attributes
                0x00000add       0x22 C:/ST/STM32CubeIDE_1.16.0/STM32CubeIDE/plugins/com.st.stm32cube.ide.mcu.externaltools.gnu-tools-for-stm32.12.3.rel1.win32_1.0.200.202406191623/tools/bin/../lib/gcc/arm-none-eabi/12.3.1/thumb/v7e-m+fp/hard\libgcc.a(_dvmd_tls.o)
 .ARM.attributes
                0x00000aff       0x22 C:/ST/STM32CubeIDE_1.16.0/STM32CubeIDE/plugins/com.st.stm32cube.ide.mcu.externaltools.gnu-tools-for-stm32.12.3.rel1.win32_1.0.200.202406191623/tools/bin/../lib/gcc/arm-none-eabi/12.3.1/thumb/v7e-m+fp/hard/crtn.o
OUTPUT(MChavezLab6FinalProject.elf elf32-littlearm)
LOAD linker stubs
LOAD C:/ST/STM32CubeIDE_1.16.0/STM32CubeIDE/plugins/com.st.stm32cube.ide.mcu.externaltools.gnu-tools-for-stm32.12.3.rel1.win32_1.0.200.202406191623/tools/bin/../lib/gcc/arm-none-eabi/12.3.1/../../../../arm-none-eabi/lib/thumb/v7e-m+fp/hard\libc.a
LOAD C:/ST/STM32CubeIDE_1.16.0/STM32CubeIDE/plugins/com.st.stm32cube.ide.mcu.externaltools.gnu-tools-for-stm32.12.3.rel1.win32_1.0.200.202406191623/tools/bin/../lib/gcc/arm-none-eabi/12.3.1/../../../../arm-none-eabi/lib/thumb/v7e-m+fp/hard\libm.a
LOAD C:/ST/STM32CubeIDE_1.16.0/STM32CubeIDE/plugins/com.st.stm32cube.ide.mcu.externaltools.gnu-tools-for-stm32.12.3.rel1.win32_1.0.200.202406191623/tools/bin/../lib/gcc/arm-none-eabi/12.3.1/thumb/v7e-m+fp/hard\libgcc.a

.debug_info     0x00000000     0xe6b9
 .debug_info    0x00000000      0x93c ./Core/Src/ApplicationCode.o
 .debug_info    0x0000093c      0x850 ./Core/Src/GameLogistics.o
 .debug_info    0x0000118c      0xf8a ./Core/Src/LCD_Driver.o
 .debug_info    0x00002116      0x1e9 ./Core/Src/StartPlayAndTimeScreen.o
 .debug_info    0x000022ff      0x145 ./Core/Src/fonts.o
 .debug_info    0x00002444      0xc81 ./Core/Src/ili9341.o
 .debug_info    0x000030c5      0x51a ./Core/Src/main.o
 .debug_info    0x000035df     0x143f ./Core/Src/stm32f4xx_hal_msp.o
 .debug_info    0x00004a1e      0x119 ./Core/Src/stm32f4xx_it.o
 .debug_info    0x00004b37     0x1253 ./Core/Src/stmpe811.o
 .debug_info    0x00005d8a      0x6a3 ./Core/Src/syscalls.o
 .debug_info    0x0000642d      0x168 ./Core/Src/sysmem.o
 .debug_info    0x00006595      0x52e ./Core/Src/system_stm32f4xx.o
 .debug_info    0x00006ac3       0x30 ./Core/Startup/startup_stm32f429zitx.o
 .debug_info    0x00006af3      0x9ba ./Drivers/STM32F4xx_HAL_Driver/Src/stm32f4xx_hal.o
 .debug_info    0x000074ad      0xdc2 ./Drivers/STM32F4xx_HAL_Driver/Src/stm32f4xx_hal_cortex.o
 .debug_info    0x0000826f      0x4f4 ./Drivers/STM32F4xx_HAL_Driver/Src/stm32f4xx_hal_exti.o
 .debug_info    0x00008763      0x6db ./Drivers/STM32F4xx_HAL_Driver/Src/stm32f4xx_hal_gpio.o
 .debug_info    0x00008e3e     0x2421 ./Drivers/STM32F4xx_HAL_Driver/Src/stm32f4xx_hal_i2c.o
 .debug_info    0x0000b25f     0x1022 ./Drivers/STM32F4xx_HAL_Driver/Src/stm32f4xx_hal_ltdc.o
 .debug_info    0x0000c281      0x8c7 ./Drivers/STM32F4xx_HAL_Driver/Src/stm32f4xx_hal_rcc.o
 .debug_info    0x0000cb48      0x64c ./Drivers/STM32F4xx_HAL_Driver/Src/stm32f4xx_hal_rcc_ex.o
 .debug_info    0x0000d194     0x1525 ./Drivers/STM32F4xx_HAL_Driver/Src/stm32f4xx_hal_spi.o

.debug_abbrev   0x00000000     0x29a4
 .debug_abbrev  0x00000000      0x1d8 ./Core/Src/ApplicationCode.o
 .debug_abbrev  0x000001d8       0xb1 ./Core/Src/GameLogistics.o
 .debug_abbrev  0x00000289      0x306 ./Core/Src/LCD_Driver.o
 .debug_abbrev  0x0000058f       0xb6 ./Core/Src/StartPlayAndTimeScreen.o
 .debug_abbrev  0x00000645       0xc6 ./Core/Src/fonts.o
 .debug_abbrev  0x0000070b      0x2c9 ./Core/Src/ili9341.o
 .debug_abbrev  0x000009d4      0x1da ./Core/Src/main.o
 .debug_abbrev  0x00000bae      0x245 ./Core/Src/stm32f4xx_hal_msp.o
 .debug_abbrev  0x00000df3       0x73 ./Core/Src/stm32f4xx_it.o
 .debug_abbrev  0x00000e66      0x302 ./Core/Src/stmpe811.o
 .debug_abbrev  0x00001168      0x1b6 ./Core/Src/syscalls.o
 .debug_abbrev  0x0000131e       0xbc ./Core/Src/sysmem.o
 .debug_abbrev  0x000013da      0x11a ./Core/Src/system_stm32f4xx.o
 .debug_abbrev  0x000014f4       0x24 ./Core/Startup/startup_stm32f429zitx.o
 .debug_abbrev  0x00001518      0x214 ./Drivers/STM32F4xx_HAL_Driver/Src/stm32f4xx_hal.o
 .debug_abbrev  0x0000172c      0x31d ./Drivers/STM32F4xx_HAL_Driver/Src/stm32f4xx_hal_cortex.o
 .debug_abbrev  0x00001a49      0x1c6 ./Drivers/STM32F4xx_HAL_Driver/Src/stm32f4xx_hal_exti.o
 .debug_abbrev  0x00001c0f      0x1d4 ./Drivers/STM32F4xx_HAL_Driver/Src/stm32f4xx_hal_gpio.o
 .debug_abbrev  0x00001de3      0x2ad ./Drivers/STM32F4xx_HAL_Driver/Src/stm32f4xx_hal_i2c.o
 .debug_abbrev  0x00002090      0x233 ./Drivers/STM32F4xx_HAL_Driver/Src/stm32f4xx_hal_ltdc.o
 .debug_abbrev  0x000022c3      0x2b7 ./Drivers/STM32F4xx_HAL_Driver/Src/stm32f4xx_hal_rcc.o
 .debug_abbrev  0x0000257a      0x1b0 ./Drivers/STM32F4xx_HAL_Driver/Src/stm32f4xx_hal_rcc_ex.o
 .debug_abbrev  0x0000272a      0x27a ./Drivers/STM32F4xx_HAL_Driver/Src/stm32f4xx_hal_spi.o

.debug_aranges  0x00000000      0xeb0
 .debug_aranges
                0x00000000       0x40 ./Core/Src/ApplicationCode.o
 .debug_aranges
                0x00000040       0xb0 ./Core/Src/GameLogistics.o
 .debug_aranges
                0x000000f0       0xb0 ./Core/Src/LCD_Driver.o
 .debug_aranges
                0x000001a0       0x20 ./Core/Src/StartPlayAndTimeScreen.o
 .debug_aranges
                0x000001c0       0x18 ./Core/Src/fonts.o
 .debug_aranges
                0x000001d8       0x98 ./Core/Src/ili9341.o
 .debug_aranges
                0x00000270       0x38 ./Core/Src/main.o
 .debug_aranges
                0x000002a8       0x60 ./Core/Src/stm32f4xx_hal_msp.o
 .debug_aranges
                0x00000308       0x60 ./Core/Src/stm32f4xx_it.o
 .debug_aranges
                0x00000368       0x98 ./Core/Src/stmpe811.o
 .debug_aranges
                0x00000400       0xa8 ./Core/Src/syscalls.o
 .debug_aranges
                0x000004a8       0x20 ./Core/Src/sysmem.o
 .debug_aranges
                0x000004c8       0x28 ./Core/Src/system_stm32f4xx.o
 .debug_aranges
                0x000004f0       0x28 ./Core/Startup/startup_stm32f429zitx.o
 .debug_aranges
                0x00000518      0x100 ./Drivers/STM32F4xx_HAL_Driver/Src/stm32f4xx_hal.o
 .debug_aranges
                0x00000618      0x130 ./Drivers/STM32F4xx_HAL_Driver/Src/stm32f4xx_hal_cortex.o
 .debug_aranges
                0x00000748       0x60 ./Drivers/STM32F4xx_HAL_Driver/Src/stm32f4xx_hal_exti.o
 .debug_aranges
                0x000007a8       0x58 ./Drivers/STM32F4xx_HAL_Driver/Src/stm32f4xx_hal_gpio.o
 .debug_aranges
                0x00000800      0x2a8 ./Drivers/STM32F4xx_HAL_Driver/Src/stm32f4xx_hal_i2c.o
 .debug_aranges
                0x00000aa8      0x158 ./Drivers/STM32F4xx_HAL_Driver/Src/stm32f4xx_hal_ltdc.o
 .debug_aranges
                0x00000c00       0x88 ./Drivers/STM32F4xx_HAL_Driver/Src/stm32f4xx_hal_rcc.o
 .debug_aranges
                0x00000c88       0x58 ./Drivers/STM32F4xx_HAL_Driver/Src/stm32f4xx_hal_rcc_ex.o
 .debug_aranges
                0x00000ce0      0x1d0 ./Drivers/STM32F4xx_HAL_Driver/Src/stm32f4xx_hal_spi.o

.debug_rnglists
                0x00000000      0xb13
 .debug_rnglists
                0x00000000       0x2c ./Core/Src/ApplicationCode.o
 .debug_rnglists
                0x0000002c       0x7f ./Core/Src/GameLogistics.o
 .debug_rnglists
                0x000000ab       0x84 ./Core/Src/LCD_Driver.o
 .debug_rnglists
                0x0000012f       0x14 ./Core/Src/StartPlayAndTimeScreen.o
 .debug_rnglists
                0x00000143       0x6f ./Core/Src/ili9341.o
 .debug_rnglists
                0x000001b2       0x27 ./Core/Src/main.o
 .debug_rnglists
                0x000001d9       0x47 ./Core/Src/stm32f4xx_hal_msp.o
 .debug_rnglists
                0x00000220       0x43 ./Core/Src/stm32f4xx_it.o
 .debug_rnglists
                0x00000263       0x73 ./Core/Src/stmpe811.o
 .debug_rnglists
                0x000002d6       0x79 ./Core/Src/syscalls.o
 .debug_rnglists
                0x0000034f       0x13 ./Core/Src/sysmem.o
 .debug_rnglists
                0x00000362       0x1a ./Core/Src/system_stm32f4xx.o
 .debug_rnglists
                0x0000037c       0x19 ./Core/Startup/startup_stm32f429zitx.o
 .debug_rnglists
                0x00000395       0xbb ./Drivers/STM32F4xx_HAL_Driver/Src/stm32f4xx_hal.o
 .debug_rnglists
                0x00000450       0xe0 ./Drivers/STM32F4xx_HAL_Driver/Src/stm32f4xx_hal_cortex.o
 .debug_rnglists
                0x00000530       0x46 ./Drivers/STM32F4xx_HAL_Driver/Src/stm32f4xx_hal_exti.o
 .debug_rnglists
                0x00000576       0x3f ./Drivers/STM32F4xx_HAL_Driver/Src/stm32f4xx_hal_gpio.o
 .debug_rnglists
                0x000005b5      0x23c ./Drivers/STM32F4xx_HAL_Driver/Src/stm32f4xx_hal_i2c.o
 .debug_rnglists
                0x000007f1      0x10a ./Drivers/STM32F4xx_HAL_Driver/Src/stm32f4xx_hal_ltdc.o
 .debug_rnglists
                0x000008fb       0x66 ./Drivers/STM32F4xx_HAL_Driver/Src/stm32f4xx_hal_rcc.o
 .debug_rnglists
                0x00000961       0x43 ./Drivers/STM32F4xx_HAL_Driver/Src/stm32f4xx_hal_rcc_ex.o
 .debug_rnglists
                0x000009a4      0x16f ./Drivers/STM32F4xx_HAL_Driver/Src/stm32f4xx_hal_spi.o

.debug_macro    0x00000000    0x26284
 .debug_macro   0x00000000      0x331 ./Core/Src/ApplicationCode.o
 .debug_macro   0x00000331      0xab4 ./Core/Src/ApplicationCode.o
 .debug_macro   0x00000de5      0x2a7 ./Core/Src/ApplicationCode.o
 .debug_macro   0x0000108c       0x2e ./Core/Src/ApplicationCode.o
 .debug_macro   0x000010ba       0x28 ./Core/Src/ApplicationCode.o
 .debug_macro   0x000010e2       0x22 ./Core/Src/ApplicationCode.o
 .debug_macro   0x00001104       0x8e ./Core/Src/ApplicationCode.o
 .debug_macro   0x00001192       0x51 ./Core/Src/ApplicationCode.o
 .debug_macro   0x000011e3      0x103 ./Core/Src/ApplicationCode.o
 .debug_macro   0x000012e6       0x6a ./Core/Src/ApplicationCode.o
 .debug_macro   0x00001350      0x1df ./Core/Src/ApplicationCode.o
 .debug_macro   0x0000152f       0x1c ./Core/Src/ApplicationCode.o
 .debug_macro   0x0000154b       0x22 ./Core/Src/ApplicationCode.o
 .debug_macro   0x0000156d       0xfb ./Core/Src/ApplicationCode.o
 .debug_macro   0x00001668     0x1011 ./Core/Src/ApplicationCode.o
 .debug_macro   0x00002679      0x11f ./Core/Src/ApplicationCode.o
 .debug_macro   0x00002798    0x17fd8 ./Core/Src/ApplicationCode.o
 .debug_macro   0x0001a770       0x6d ./Core/Src/ApplicationCode.o
 .debug_macro   0x0001a7dd     0x3711 ./Core/Src/ApplicationCode.o
 .debug_macro   0x0001deee      0x189 ./Core/Src/ApplicationCode.o
 .debug_macro   0x0001e077       0x5c ./Core/Src/ApplicationCode.o
 .debug_macro   0x0001e0d3      0xcba ./Core/Src/ApplicationCode.o
 .debug_macro   0x0001ed8d      0x9e9 ./Core/Src/ApplicationCode.o
 .debug_macro   0x0001f776      0x115 ./Core/Src/ApplicationCode.o
 .debug_macro   0x0001f88b      0x156 ./Core/Src/ApplicationCode.o
 .debug_macro   0x0001f9e1       0xa5 ./Core/Src/ApplicationCode.o
 .debug_macro   0x0001fa86      0x182 ./Core/Src/ApplicationCode.o
 .debug_macro   0x0001fc08      0x287 ./Core/Src/ApplicationCode.o
 .debug_macro   0x0001fe8f       0x5f ./Core/Src/ApplicationCode.o
 .debug_macro   0x0001feee      0x236 ./Core/Src/ApplicationCode.o
 .debug_macro   0x00020124      0x132 ./Core/Src/ApplicationCode.o
 .debug_macro   0x00020256      0x41d ./Core/Src/ApplicationCode.o
 .debug_macro   0x00020673       0x2e ./Core/Src/ApplicationCode.o
 .debug_macro   0x000206a1      0x1b5 ./Core/Src/ApplicationCode.o
 .debug_macro   0x00020856       0x22 ./Core/Src/ApplicationCode.o
 .debug_macro   0x00020878       0xd6 ./Core/Src/ApplicationCode.o
 .debug_macro   0x0002094e      0x198 ./Core/Src/ApplicationCode.o
 .debug_macro   0x00020ae6       0xd6 ./Core/Src/ApplicationCode.o
 .debug_macro   0x00020bbc      0x127 ./Core/Src/ApplicationCode.o
 .debug_macro   0x00020ce3       0xe2 ./Core/Src/ApplicationCode.o
 .debug_macro   0x00020dc5       0x89 ./Core/Src/ApplicationCode.o
 .debug_macro   0x00020e4e       0xa4 ./Core/Src/ApplicationCode.o
 .debug_macro   0x00020ef2      0x225 ./Core/Src/ApplicationCode.o
 .debug_macro   0x00021117      0x134 ./Core/Src/ApplicationCode.o
 .debug_macro   0x0002124b      0x318 ./Core/Src/ApplicationCode.o
 .debug_macro   0x00021563       0x22 ./Core/Src/ApplicationCode.o
 .debug_macro   0x00021585      0x179 ./Core/Src/ApplicationCode.o
 .debug_macro   0x000216fe       0x88 ./Core/Src/ApplicationCode.o
 .debug_macro   0x00021786       0x61 ./Core/Src/ApplicationCode.o
 .debug_macro   0x000217e7       0x2a ./Core/Src/ApplicationCode.o
 .debug_macro   0x00021811       0x43 ./Core/Src/ApplicationCode.o
 .debug_macro   0x00021854       0x34 ./Core/Src/ApplicationCode.o
 .debug_macro   0x00021888       0x16 ./Core/Src/ApplicationCode.o
 .debug_macro   0x0002189e       0x35 ./Core/Src/ApplicationCode.o
 .debug_macro   0x000218d3      0x369 ./Core/Src/ApplicationCode.o
 .debug_macro   0x00021c3c       0x10 ./Core/Src/ApplicationCode.o
 .debug_macro   0x00021c4c       0x16 ./Core/Src/ApplicationCode.o
 .debug_macro   0x00021c62       0x43 ./Core/Src/ApplicationCode.o
 .debug_macro   0x00021ca5       0x34 ./Core/Src/ApplicationCode.o
 .debug_macro   0x00021cd9       0x10 ./Core/Src/ApplicationCode.o
 .debug_macro   0x00021ce9       0x58 ./Core/Src/ApplicationCode.o
 .debug_macro   0x00021d41       0x8e ./Core/Src/ApplicationCode.o
 .debug_macro   0x00021dcf       0x1c ./Core/Src/ApplicationCode.o
 .debug_macro   0x00021deb      0x177 ./Core/Src/ApplicationCode.o
 .debug_macro   0x00021f62       0x16 ./Core/Src/ApplicationCode.o
 .debug_macro   0x00021f78       0x16 ./Core/Src/ApplicationCode.o
 .debug_macro   0x00021f8e      0x146 ./Core/Src/ApplicationCode.o
 .debug_macro   0x000220d4      0x249 ./Core/Src/GameLogistics.o
 .debug_macro   0x0002231d      0x249 ./Core/Src/LCD_Driver.o
 .debug_macro   0x00022566      0x249 ./Core/Src/StartPlayAndTimeScreen.o
 .debug_macro   0x000227af       0x6d ./Core/Src/fonts.o
 .debug_macro   0x0002281c      0x206 ./Core/Src/ili9341.o
 .debug_macro   0x00022a22      0x312 ./Core/Src/ili9341.o
 .debug_macro   0x00022d34      0x343 ./Core/Src/main.o
 .debug_macro   0x00023077       0x1c ./Core/Src/main.o
 .debug_macro   0x00023093      0x4ba ./Core/Src/main.o
 .debug_macro   0x0002354d      0x343 ./Core/Src/stm32f4xx_hal_msp.o
 .debug_macro   0x00023890      0x34d ./Core/Src/stm32f4xx_it.o
 .debug_macro   0x00023bdd      0x221 ./Core/Src/stmpe811.o
 .debug_macro   0x00023dfe      0x274 ./Core/Src/syscalls.o
 .debug_macro   0x00024072       0x5b ./Core/Src/syscalls.o
 .debug_macro   0x000240cd       0x94 ./Core/Src/syscalls.o
 .debug_macro   0x00024161       0x57 ./Core/Src/syscalls.o
 .debug_macro   0x000241b8       0x10 ./Core/Src/syscalls.o
 .debug_macro   0x000241c8       0x10 ./Core/Src/syscalls.o
 .debug_macro   0x000241d8       0x10 ./Core/Src/syscalls.o
 .debug_macro   0x000241e8       0x10 ./Core/Src/syscalls.o
 .debug_macro   0x000241f8       0x1c ./Core/Src/syscalls.o
 .debug_macro   0x00024214       0x52 ./Core/Src/syscalls.o
 .debug_macro   0x00024266       0x22 ./Core/Src/syscalls.o
 .debug_macro   0x00024288       0x10 ./Core/Src/syscalls.o
 .debug_macro   0x00024298       0x52 ./Core/Src/syscalls.o
 .debug_macro   0x000242ea       0xcf ./Core/Src/syscalls.o
 .debug_macro   0x000243b9       0x1c ./Core/Src/syscalls.o
 .debug_macro   0x000243d5       0x3d ./Core/Src/syscalls.o
 .debug_macro   0x00024412       0x35 ./Core/Src/syscalls.o
 .debug_macro   0x00024447      0x12c ./Core/Src/syscalls.o
 .debug_macro   0x00024573       0x16 ./Core/Src/syscalls.o
 .debug_macro   0x00024589       0x16 ./Core/Src/syscalls.o
 .debug_macro   0x0002459f       0x29 ./Core/Src/syscalls.o
 .debug_macro   0x000245c8       0x10 ./Core/Src/syscalls.o
 .debug_macro   0x000245d8      0x242 ./Core/Src/syscalls.o
 .debug_macro   0x0002481a       0x1c ./Core/Src/syscalls.o
 .debug_macro   0x00024836       0x10 ./Core/Src/syscalls.o
 .debug_macro   0x00024846      0x18a ./Core/Src/syscalls.o
 .debug_macro   0x000249d0       0x16 ./Core/Src/syscalls.o
 .debug_macro   0x000249e6       0xce ./Core/Src/syscalls.o
 .debug_macro   0x00024ab4       0xff ./Core/Src/sysmem.o
 .debug_macro   0x00024bb3      0x23c ./Core/Src/sysmem.o
 .debug_macro   0x00024def      0x1f7 ./Core/Src/system_stm32f4xx.o
 .debug_macro   0x00024fe6      0x257 ./Drivers/STM32F4xx_HAL_Driver/Src/stm32f4xx_hal.o
 .debug_macro   0x0002523d      0x1f7 ./Drivers/STM32F4xx_HAL_Driver/Src/stm32f4xx_hal_cortex.o
 .debug_macro   0x00025434      0x1f7 ./Drivers/STM32F4xx_HAL_Driver/Src/stm32f4xx_hal_exti.o
 .debug_macro   0x0002562b      0x1fd ./Drivers/STM32F4xx_HAL_Driver/Src/stm32f4xx_hal_gpio.o
 .debug_macro   0x00025828      0x245 ./Drivers/STM32F4xx_HAL_Driver/Src/stm32f4xx_hal_i2c.o
 .debug_macro   0x00025a6d      0x1ff ./Drivers/STM32F4xx_HAL_Driver/Src/stm32f4xx_hal_ltdc.o
 .debug_macro   0x00025c6c      0x21b ./Drivers/STM32F4xx_HAL_Driver/Src/stm32f4xx_hal_rcc.o
 .debug_macro   0x00025e87      0x1f7 ./Drivers/STM32F4xx_HAL_Driver/Src/stm32f4xx_hal_rcc_ex.o
 .debug_macro   0x0002607e      0x206 ./Drivers/STM32F4xx_HAL_Driver/Src/stm32f4xx_hal_spi.o

.debug_line     0x00000000    0x136c3
 .debug_line    0x00000000      0xa4c ./Core/Src/ApplicationCode.o
 .debug_line    0x00000a4c      0xd29 ./Core/Src/GameLogistics.o
 .debug_line    0x00001775      0xb85 ./Core/Src/LCD_Driver.o
 .debug_line    0x000022fa      0x82b ./Core/Src/StartPlayAndTimeScreen.o
 .debug_line    0x00002b25      0x412 ./Core/Src/fonts.o
 .debug_line    0x00002f37      0x9d9 ./Core/Src/ili9341.o
 .debug_line    0x00003910      0xa32 ./Core/Src/main.o
 .debug_line    0x00004342      0xb49 ./Core/Src/stm32f4xx_hal_msp.o
 .debug_line    0x00004e8b      0xa43 ./Core/Src/stm32f4xx_it.o
 .debug_line    0x000058ce      0xc1a ./Core/Src/stmpe811.o
 .debug_line    0x000064e8      0x8b2 ./Core/Src/syscalls.o
 .debug_line    0x00006d9a      0x583 ./Core/Src/sysmem.o
 .debug_line    0x0000731d      0x81c ./Core/Src/system_stm32f4xx.o
 .debug_line    0x00007b39       0x7a ./Core/Startup/startup_stm32f429zitx.o
 .debug_line    0x00007bb3      0xabb ./Drivers/STM32F4xx_HAL_Driver/Src/stm32f4xx_hal.o
 .debug_line    0x0000866e      0xd77 ./Drivers/STM32F4xx_HAL_Driver/Src/stm32f4xx_hal_cortex.o
 .debug_line    0x000093e5      0xa91 ./Drivers/STM32F4xx_HAL_Driver/Src/stm32f4xx_hal_exti.o
 .debug_line    0x00009e76      0xc39 ./Drivers/STM32F4xx_HAL_Driver/Src/stm32f4xx_hal_gpio.o