../Core/Src/GameLogistics.c:9:6:LCD_DrawSingleSquare	24	static
../Core/Src/GameLogistics.c:16:6:LCD_DrawLShape	24	static
../Core/Src/GameLogistics.c:31:6:LCD_DrawIShape	24	static
../Core/Src/GameLogistics.c:41:6:LCD_DrawJShape	24	static
../Core/Src/GameLogistics.c:54:6:LCD_DrawHatShape	24	static
../Core/Src/GameLogistics.c:66:6:LCD_DrawZShape	24	static
../Core/Src/GameLogistics.c:80:6:LCD_DrawSShape	24	static
../Core/Src/GameLogistics.c:96:6:LCD_DrawLShapeRotCWOnce	24	static
../Core/Src/GameLogistics.c:109:6:LCD_DrawLShapeRotCWTwice	24	static
../Core/Src/GameLogistics.c:121:6:LCD_DrawLShapeRotCWThrice	24	static
../Core/Src/GameLogistics.c:135:6:LCD_DrawIShapeRotCWOnce	24	static
../Core/Src/GameLogistics.c:143:6:LCD_DrawJShapeRotCWOnce	24	static
../Core/Src/GameLogistics.c:155:6:LCD_DrawJShapeRotCWTwice	24	static
../Core/Src/GameLogistics.c:166:6:LCD_DrawJShapeRotCWThrice	24	static
../Core/Src/GameLogistics.c:179:6:LCD_DrawHatShapeRotCWOnce	24	static
../Core/Src/GameLogistics.c:193:6:LCD_DrawHatShapeRotCWTwice	24	static
../Core/Src/GameLogistics.c:205:6:LCD_DrawHatShapeRotCWThrice	24	static
../Core/Src/GameLogistics.c:219:6:LCD_DrawZShapeRotCWOnce	24	static
../Core/Src/GameLogistics.c:233:6:LCD_DrawSShapeRotCWOnce	24	static
