../Core/Src/GameLogistics.c:22:10:DrawRandomColor	24	static
../Core/Src/GameLogistics.c:46:7:DrawRandomShape	24	static
../Core/Src/GameLogistics.c:71:6:LCD_DrawSingleSquare	24	static
../Core/Src/GameLogistics.c:78:6:LCD_DrawLShape	24	static
../Core/Src/GameLogistics.c:93:6:LCD_DrawIShape	24	static
../Core/Src/GameLogistics.c:103:6:LCD_DrawJShape	24	static
../Core/Src/GameLogistics.c:116:6:LCD_DrawHatShape	24	static
../Core/Src/GameLogistics.c:128:6:LCD_DrawZShape	24	static
../Core/Src/GameLogistics.c:142:6:LCD_DrawSShape	24	static
../Core/Src/GameLogistics.c:158:6:LCD_DrawLShapeRotCWOnce	24	static
../Core/Src/GameLogistics.c:171:6:LCD_DrawLShapeRotCWTwice	24	static
../Core/Src/GameLogistics.c:183:6:LCD_DrawLShapeRotCWThrice	24	static
../Core/Src/GameLogistics.c:197:6:LCD_DrawIShapeRotCWOnce	24	static
../Core/Src/GameLogistics.c:205:6:LCD_DrawJShapeRotCWOnce	24	static
../Core/Src/GameLogistics.c:217:6:LCD_DrawJShapeRotCWTwice	24	static
../Core/Src/GameLogistics.c:228:6:LCD_DrawJShapeRotCWThrice	24	static
../Core/Src/GameLogistics.c:241:6:LCD_DrawHatShapeRotCWOnce	24	static
../Core/Src/GameLogistics.c:255:6:LCD_DrawHatShapeRotCWTwice	24	static
../Core/Src/GameLogistics.c:267:6:LCD_DrawHatShapeRotCWThrice	24	static
../Core/Src/GameLogistics.c:281:6:LCD_DrawZShapeRotCWOnce	24	static
../Core/Src/GameLogistics.c:295:6:LCD_DrawSShapeRotCWOnce	24	static
