../Core/Src/GameLogistics.c:20:6:LCD_DrawSingleSquare	24	static
../Core/Src/GameLogistics.c:27:6:LCD_DrawLShape	24	static
../Core/Src/GameLogistics.c:42:6:LCD_DrawIShape	24	static
../Core/Src/GameLogistics.c:52:6:LCD_DrawJShape	24	static
../Core/Src/GameLogistics.c:65:6:LCD_DrawHatShape	24	static
../Core/Src/GameLogistics.c:77:6:LCD_DrawZShape	24	static
../Core/Src/GameLogistics.c:91:6:LCD_DrawSShape	24	static
../Core/Src/GameLogistics.c:107:6:LCD_DrawLShapeRotCWOnce	24	static
../Core/Src/GameLogistics.c:120:6:LCD_DrawLShapeRotCWTwice	24	static
../Core/Src/GameLogistics.c:132:6:LCD_DrawLShapeRotCWThrice	24	static
../Core/Src/GameLogistics.c:146:6:LCD_DrawIShapeRotCWOnce	24	static
../Core/Src/GameLogistics.c:154:6:LCD_DrawJShapeRotCWOnce	24	static
../Core/Src/GameLogistics.c:166:6:LCD_DrawJShapeRotCWTwice	24	static
../Core/Src/GameLogistics.c:177:6:LCD_DrawJShapeRotCWThrice	24	static
../Core/Src/GameLogistics.c:190:6:LCD_DrawHatShapeRotCWOnce	24	static
../Core/Src/GameLogistics.c:204:6:LCD_DrawHatShapeRotCWTwice	24	static
../Core/Src/GameLogistics.c:216:6:LCD_DrawHatShapeRotCWThrice	24	static
../Core/Src/GameLogistics.c:230:6:LCD_DrawZShapeRotCWOnce	24	static
../Core/Src/GameLogistics.c:244:6:LCD_DrawSShapeRotCWOnce	24	static
