../Core/Src/ili9341.c:19:6:ili9341_Init	8	static
../Core/Src/ili9341.c:150:6:ili9341_DisplayOn	8	static
../Core/Src/ili9341.c:161:6:ili9341_DisplayOff	8	static
../Core/Src/ili9341.c:172:6:ili9341_Write_Reg	16	static
../Core/Src/ili9341.c:182:6:ili9341_Send_Data	16	static
../Core/Src/ili9341.c:193:10:ili9341_ReadData	16	static
../Core/Src/ili9341.c:205:13:SPI_Init	8	static
../Core/Src/ili9341.c:243:17:SPI_Read	24	static
../Core/Src/ili9341.c:264:13:SPI_Write	24	static
../Core/Src/ili9341.c:282:13:SPI_Error	8	static
../Core/Src/ili9341.c:295:13:SPI_MspInit	48	static
../Core/Src/ili9341.c:319:6:LCD_IO_Init	40	static
../Core/Src/ili9341.c:363:6:LCD_IO_WriteData	16	static
../Core/Src/ili9341.c:379:6:LCD_IO_WriteReg	16	static
../Core/Src/ili9341.c:398:10:LCD_IO_ReadData	24	static
../Core/Src/ili9341.c:425:6:LCD_Delay	16	static
