../Core/Src/LCD_Driver.c:42:6:LCD_GPIO_Init	56	static
../Core/Src/LCD_Driver.c:125:6:LTCD_Layer_Init	72	static
../Core/Src/LCD_Driver.c:152:6:clearScreen	8	static
../Core/Src/LCD_Driver.c:157:6:LTCD__Init	8	static
../Core/Src/LCD_Driver.c:216:6:LCD_Draw_Pixel	16	static
../Core/Src/LCD_Driver.c:226:6:LCD_DrawSingleSquare	24	static
../Core/Src/LCD_Driver.c:233:6:LCD_DrawLShape	24	static
../Core/Src/LCD_Driver.c:247:6:LCD_DrawIShape	24	static
../Core/Src/LCD_Driver.c:258:6:LCD_DrawJShape	24	static
../Core/Src/LCD_Driver.c:272:6:LCD_DrawHatShape	24	static
../Core/Src/LCD_Driver.c:284:6:LCD_DrawZShape	24	static
../Core/Src/LCD_Driver.c:298:6:LCD_DrawSShape	24	static
../Core/Src/LCD_Driver.c:313:6:LCD_Draw_Circle_Fill	32	static
../Core/Src/LCD_Driver.c:327:6:LCD_Draw_Vertical_Line	32	static
../Core/Src/LCD_Driver.c:335:6:LCD_Clear	24	static
../Core/Src/LCD_Driver.c:347:6:LCD_SetTextColor	16	static
../Core/Src/LCD_Driver.c:353:6:LCD_SetFont	16	static
../Core/Src/LCD_Driver.c:359:6:LCD_Draw_Char	24	static
../Core/Src/LCD_Driver.c:379:6:LCD_DisplayChar	16	static
../Core/Src/LCD_Driver.c:385:6:visualDemo	8	static
../Core/Src/LCD_Driver.c:483:6:LCD_Error_Handler	4	static,ignoring_inline_asm
../Core/Src/LCD_Driver.c:498:6:InitializeLCDTouch	8	static
../Core/Src/LCD_Driver.c:506:18:returnTouchStateAndLocation	16	static
../Core/Src/LCD_Driver.c:511:6:DetermineTouchPosition	16	static
../Core/Src/LCD_Driver.c:516:9:ReadRegisterFromTouchModule	16	static
../Core/Src/LCD_Driver.c:521:6:WriteDataToTouchModule	16	static
