../Core/Src/LCD_Driver.c:42:6:LCD_GPIO_Init	56	static
../Core/Src/LCD_Driver.c:125:6:LTCD_Layer_Init	72	static
../Core/Src/LCD_Driver.c:152:6:clearScreen	8	static
../Core/Src/LCD_Driver.c:157:6:LTCD__Init	8	static
../Core/Src/LCD_Driver.c:216:6:LCD_Draw_Pixel	16	static
../Core/Src/LCD_Driver.c:223:6:LCD_Draw_Circle_Fill	32	static
../Core/Src/LCD_Driver.c:237:6:LCD_Draw_Vertical_Line	32	static
../Core/Src/LCD_Driver.c:245:6:LCD_Clear	24	static
../Core/Src/LCD_Driver.c:257:6:LCD_SetTextColor	16	static
../Core/Src/LCD_Driver.c:263:6:LCD_SetFont	16	static
../Core/Src/LCD_Driver.c:269:6:LCD_Draw_Char	24	static
../Core/Src/LCD_Driver.c:289:6:LCD_DisplayChar	16	static
../Core/Src/LCD_Driver.c:295:6:visualDemo	8	static
../Core/Src/LCD_Driver.c:306:6:LCD_Error_Handler	4	static,ignoring_inline_asm
../Core/Src/LCD_Driver.c:321:6:InitializeLCDTouch	8	static
../Core/Src/LCD_Driver.c:329:18:returnTouchStateAndLocation	16	static
../Core/Src/LCD_Driver.c:334:6:DetermineTouchPosition	16	static
../Core/Src/LCD_Driver.c:339:9:ReadRegisterFromTouchModule	16	static
../Core/Src/LCD_Driver.c:344:6:WriteDataToTouchModule	16	static
