../Core/Src/LCD_Driver.c:40:6:LCD_GPIO_Init	56	static
../Core/Src/LCD_Driver.c:123:6:LTCD_Layer_Init	72	static
../Core/Src/LCD_Driver.c:150:6:clearScreen	8	static
../Core/Src/LCD_Driver.c:155:6:LTCD__Init	8	static
../Core/Src/LCD_Driver.c:214:6:LCD_Draw_Pixel	16	static
../Core/Src/LCD_Driver.c:224:6:LCD_Draw_Circle_Fill	32	static
../Core/Src/LCD_Driver.c:238:6:LCD_Draw_Vertical_Line	32	static
../Core/Src/LCD_Driver.c:246:6:LCD_Clear	24	static
../Core/Src/LCD_Driver.c:255:6:LCD_Start_Screen	8	static
../Core/Src/LCD_Driver.c:338:6:LCD_SetTextColor	16	static
../Core/Src/LCD_Driver.c:344:6:LCD_SetFont	16	static
../Core/Src/LCD_Driver.c:350:6:LCD_Draw_Char	24	static
../Core/Src/LCD_Driver.c:370:6:LCD_DisplayChar	16	static
../Core/Src/LCD_Driver.c:376:6:visualDemo	8	static
../Core/Src/LCD_Driver.c:464:6:LCD_Error_Handler	4	static,ignoring_inline_asm
