../Core/Src/main.c:50:5:main	8	static
../Core/Src/main.c:123:6:Error_Handler	4	static,ignoring_inline_asm
../Core/Src/main.c:133:13:MX_RNG_Init	8	static
../Core/Src/main.c:140:13:MX_I2C3_Init	8	static
../Core/Src/main.c:176:13:MX_SPI5_Init	8	static
../Core/Src/main.c:252:13:MX_GPIO_Init	64	static
../Core/Src/main.c:426:13:MX_LTDC_Init	112	static
../Core/Src/main.c:499:6:SystemClock_Config	88	static
../Core/Src/main.c:541:6:SystemClockOverride	88	static
../Core/Src/main.c:580:10:GenerateTetrisShape	24	static
../Core/Src/main.c:589:10:GenerateRandomColor	24	static
